stm32f30x_rtc.c:326:13:RTC_DeInit	24	static
stm32f30x_rtc.c:409:13:RTC_Init	24	static
stm32f30x_rtc.c:455:6:RTC_StructInit	16	static
stm32f30x_rtc.c:477:6:RTC_WriteProtectionCmd	16	static
stm32f30x_rtc.c:504:13:RTC_EnterInitMode	24	static
stm32f30x_rtc.c:549:6:RTC_ExitInitMode	4	static
stm32f30x_rtc.c:571:13:RTC_WaitForSynchro	24	static
stm32f30x_rtc.c:622:13:RTC_RefClockCmd	24	static
stm32f30x_rtc.c:670:6:RTC_BypassShadowCmd	16	static
stm32f30x_rtc.c:724:13:RTC_SetTime	32	static
stm32f30x_rtc.c:828:6:RTC_TimeStructInit	16	static
stm32f30x_rtc.c:847:6:RTC_GetTime	24	static
stm32f30x_rtc.c:880:10:RTC_GetSubSecond	16	static
stm32f30x_rtc.c:905:13:RTC_SetDate	32	static
stm32f30x_rtc.c:996:6:RTC_DateStructInit	16	static
stm32f30x_rtc.c:1015:6:RTC_GetDate	24	static
stm32f30x_rtc.c:1075:6:RTC_SetAlarm	40	static
stm32f30x_rtc.c:1186:6:RTC_AlarmStructInit	16	static
stm32f30x_rtc.c:1216:6:RTC_GetAlarm	32	static
stm32f30x_rtc.c:1270:13:RTC_AlarmCmd	32	static
stm32f30x_rtc.c:1364:6:RTC_AlarmSubSecondConfig	32	static
stm32f30x_rtc.c:1405:10:RTC_GetAlarmSubSecond	24	static
stm32f30x_rtc.c:1453:6:RTC_WakeUpClockConfig	16	static
stm32f30x_rtc.c:1480:6:RTC_SetWakeUpCounter	16	static
stm32f30x_rtc.c:1501:10:RTC_GetWakeUpCounter	4	static
stm32f30x_rtc.c:1513:13:RTC_WakeUpCmd	32	static
stm32f30x_rtc.c:1589:6:RTC_DayLightSavingConfig	16	static
stm32f30x_rtc.c:1616:10:RTC_GetStoreOperation	4	static
stm32f30x_rtc.c:1654:6:RTC_OutputConfig	16	static
stm32f30x_rtc.c:1697:6:RTC_CalibOutputCmd	16	static
stm32f30x_rtc.c:1729:6:RTC_CalibOutputConfig	16	static
stm32f30x_rtc.c:1765:13:RTC_SmoothCalibConfig	32	static
stm32f30x_rtc.c:1841:6:RTC_TimeStampCmd	24	static
stm32f30x_rtc.c:1885:6:RTC_GetTimeStamp	32	static
stm32f30x_rtc.c:1929:10:RTC_GetTimeStampSubSecond	4	static
stm32f30x_rtc.c:1967:6:RTC_TamperTriggerConfig	16	static
stm32f30x_rtc.c:1997:6:RTC_TamperCmd	16	static
stm32f30x_rtc.c:2028:6:RTC_TamperFilterConfig	16	static
stm32f30x_rtc.c:2062:6:RTC_TamperSamplingFreqConfig	16	static
stm32f30x_rtc.c:2085:6:RTC_TamperPinsPrechargeDuration	16	static
stm32f30x_rtc.c:2105:6:RTC_TimeStampOnTamperDetectionCmd	16	static
stm32f30x_rtc.c:2128:6:RTC_TamperPullUpCmd	16	static
stm32f30x_rtc.c:2169:6:RTC_WriteBackupRegister	24	static
stm32f30x_rtc.c:2190:10:RTC_ReadBackupRegister	24	static
stm32f30x_rtc.c:2230:6:RTC_OutputTypeConfig	16	static
stm32f30x_rtc.c:2268:13:RTC_SynchroShiftConfig	24	static
stm32f30x_rtc.c:2384:6:RTC_ITConfig	16	static
stm32f30x_rtc.c:2434:12:RTC_GetFlagStatus	24	static
stm32f30x_rtc.c:2472:6:RTC_ClearFlag	16	static
stm32f30x_rtc.c:2494:10:RTC_GetITStatus	32	static
stm32f30x_rtc.c:2536:6:RTC_ClearITPendingBit	24	static
stm32f30x_rtc.c:2559:16:RTC_ByteToBcd2	24	static
stm32f30x_rtc.c:2577:16:RTC_Bcd2ToByte	24	static
