Archive member included to satisfy reference by file (symbol)

/opt/st/stm32cubeide_1.0.0/plugins/com.st.stm32cube.ide.mcu.externaltools.gnu-tools-for-stm32.7-2018-q2-update.linux64_1.0.0.201904181610/tools/bin/../lib/gcc/arm-none-eabi/7.3.1/../../../../arm-none-eabi/lib/thumb/v7e-m/fpv4-sp/hard/libc_nano.a(lib_a-exit.o)
                              /opt/st/stm32cubeide_1.0.0/plugins/com.st.stm32cube.ide.mcu.externaltools.gnu-tools-for-stm32.7-2018-q2-update.linux64_1.0.0.201904181610/tools/bin/../lib/gcc/arm-none-eabi/7.3.1/../../../../arm-none-eabi/lib/thumb/v7e-m/fpv4-sp/hard/crt0.o (exit)
/opt/st/stm32cubeide_1.0.0/plugins/com.st.stm32cube.ide.mcu.externaltools.gnu-tools-for-stm32.7-2018-q2-update.linux64_1.0.0.201904181610/tools/bin/../lib/gcc/arm-none-eabi/7.3.1/../../../../arm-none-eabi/lib/thumb/v7e-m/fpv4-sp/hard/libc_nano.a(lib_a-impure.o)
                              /opt/st/stm32cubeide_1.0.0/plugins/com.st.stm32cube.ide.mcu.externaltools.gnu-tools-for-stm32.7-2018-q2-update.linux64_1.0.0.201904181610/tools/bin/../lib/gcc/arm-none-eabi/7.3.1/../../../../arm-none-eabi/lib/thumb/v7e-m/fpv4-sp/hard/libc_nano.a(lib_a-exit.o) (_global_impure_ptr)
/opt/st/stm32cubeide_1.0.0/plugins/com.st.stm32cube.ide.mcu.externaltools.gnu-tools-for-stm32.7-2018-q2-update.linux64_1.0.0.201904181610/tools/bin/../lib/gcc/arm-none-eabi/7.3.1/../../../../arm-none-eabi/lib/thumb/v7e-m/fpv4-sp/hard/libc_nano.a(lib_a-init.o)
                              /opt/st/stm32cubeide_1.0.0/plugins/com.st.stm32cube.ide.mcu.externaltools.gnu-tools-for-stm32.7-2018-q2-update.linux64_1.0.0.201904181610/tools/bin/../lib/gcc/arm-none-eabi/7.3.1/../../../../arm-none-eabi/lib/thumb/v7e-m/fpv4-sp/hard/crt0.o (__libc_init_array)
/opt/st/stm32cubeide_1.0.0/plugins/com.st.stm32cube.ide.mcu.externaltools.gnu-tools-for-stm32.7-2018-q2-update.linux64_1.0.0.201904181610/tools/bin/../lib/gcc/arm-none-eabi/7.3.1/../../../../arm-none-eabi/lib/thumb/v7e-m/fpv4-sp/hard/libc_nano.a(lib_a-memset.o)
                              /opt/st/stm32cubeide_1.0.0/plugins/com.st.stm32cube.ide.mcu.externaltools.gnu-tools-for-stm32.7-2018-q2-update.linux64_1.0.0.201904181610/tools/bin/../lib/gcc/arm-none-eabi/7.3.1/../../../../arm-none-eabi/lib/thumb/v7e-m/fpv4-sp/hard/crt0.o (memset)
/opt/st/stm32cubeide_1.0.0/plugins/com.st.stm32cube.ide.mcu.externaltools.gnu-tools-for-stm32.7-2018-q2-update.linux64_1.0.0.201904181610/tools/bin/../lib/gcc/arm-none-eabi/7.3.1/../../../../arm-none-eabi/lib/thumb/v7e-m/fpv4-sp/hard/libm.a(lib_a-s_atan.o)
                              Keil/Service/Fonctions.o (atan)
/opt/st/stm32cubeide_1.0.0/plugins/com.st.stm32cube.ide.mcu.externaltools.gnu-tools-for-stm32.7-2018-q2-update.linux64_1.0.0.201904181610/tools/bin/../lib/gcc/arm-none-eabi/7.3.1/../../../../arm-none-eabi/lib/thumb/v7e-m/fpv4-sp/hard/libm.a(lib_a-s_fabs.o)
                              /opt/st/stm32cubeide_1.0.0/plugins/com.st.stm32cube.ide.mcu.externaltools.gnu-tools-for-stm32.7-2018-q2-update.linux64_1.0.0.201904181610/tools/bin/../lib/gcc/arm-none-eabi/7.3.1/../../../../arm-none-eabi/lib/thumb/v7e-m/fpv4-sp/hard/libm.a(lib_a-s_atan.o) (fabs)
/opt/st/stm32cubeide_1.0.0/plugins/com.st.stm32cube.ide.mcu.externaltools.gnu-tools-for-stm32.7-2018-q2-update.linux64_1.0.0.201904181610/tools/bin/../lib/gcc/arm-none-eabi/7.3.1/thumb/v7e-m/fpv4-sp/hard/libgcc.a(_arm_addsubdf3.o)
                              /opt/st/stm32cubeide_1.0.0/plugins/com.st.stm32cube.ide.mcu.externaltools.gnu-tools-for-stm32.7-2018-q2-update.linux64_1.0.0.201904181610/tools/bin/../lib/gcc/arm-none-eabi/7.3.1/../../../../arm-none-eabi/lib/thumb/v7e-m/fpv4-sp/hard/libm.a(lib_a-s_atan.o) (__aeabi_dsub)
/opt/st/stm32cubeide_1.0.0/plugins/com.st.stm32cube.ide.mcu.externaltools.gnu-tools-for-stm32.7-2018-q2-update.linux64_1.0.0.201904181610/tools/bin/../lib/gcc/arm-none-eabi/7.3.1/thumb/v7e-m/fpv4-sp/hard/libgcc.a(_arm_muldivdf3.o)
                              Keil/Service/Fonctions.o (__aeabi_dmul)
/opt/st/stm32cubeide_1.0.0/plugins/com.st.stm32cube.ide.mcu.externaltools.gnu-tools-for-stm32.7-2018-q2-update.linux64_1.0.0.201904181610/tools/bin/../lib/gcc/arm-none-eabi/7.3.1/thumb/v7e-m/fpv4-sp/hard/libgcc.a(_arm_cmpdf2.o)
                              /opt/st/stm32cubeide_1.0.0/plugins/com.st.stm32cube.ide.mcu.externaltools.gnu-tools-for-stm32.7-2018-q2-update.linux64_1.0.0.201904181610/tools/bin/../lib/gcc/arm-none-eabi/7.3.1/../../../../arm-none-eabi/lib/thumb/v7e-m/fpv4-sp/hard/libm.a(lib_a-s_atan.o) (__aeabi_dcmpgt)
/opt/st/stm32cubeide_1.0.0/plugins/com.st.stm32cube.ide.mcu.externaltools.gnu-tools-for-stm32.7-2018-q2-update.linux64_1.0.0.201904181610/tools/bin/../lib/gcc/arm-none-eabi/7.3.1/thumb/v7e-m/fpv4-sp/hard/libgcc.a(_arm_truncdfsf2.o)
                              Keil/Service/Fonctions.o (__aeabi_d2f)
[...]
Memory Configuration

Name             Origin             Length             Attributes
RAM              0x0000000020000000 0x000000000000a000 xrw
ROM              0x0000000008000000 0x0000000000040000 xr
*default*        0x0000000000000000 0xffffffffffffffff

Linker script and memory map

LOAD /opt/st/stm32cubeide_1.0.0/plugins/com.st.stm32cube.ide.mcu.externaltools.gnu-tools-for-stm32.7-2018-q2-update.linux64_1.0.0.201904181610/tools/bin/../lib/gcc/arm-none-eabi/7.3.1/thumb/v7e-m/fpv4-sp/hard/crti.o
LOAD /opt/st/stm32cubeide_1.0.0/plugins/com.st.stm32cube.ide.mcu.externaltools.gnu-tools-for-stm32.7-2018-q2-update.linux64_1.0.0.201904181610/tools/bin/../lib/gcc/arm-none-eabi/7.3.1/thumb/v7e-m/fpv4-sp/hard/crtbegin.o
LOAD /opt/st/stm32cubeide_1.0.0/plugins/com.st.stm32cube.ide.mcu.externaltools.gnu-tools-for-stm32.7-2018-q2-update.linux64_1.0.0.201904181610/tools/bin/../lib/gcc/arm-none-eabi/7.3.1/../../../../arm-none-eabi/lib/thumb/v7e-m/fpv4-sp/hard/crt0.o
LOAD Keil/Service/Accelerometre.o
LOAD Keil/Service/Fonctions.o
LOAD Keil/Service/Gyroscope.o
LOAD Keil/Service/Init.o
LOAD Keil/main.o
LOAD Keil/stm32f30x_it.o
LOAD Keil/system_stm32f30x.o
LOAD Libraries/STM32F30x_StdPeriph_Driver/src/stm32f30x_adc.o
LOAD Libraries/STM32F30x_StdPeriph_Driver/src/stm32f30x_can.o
LOAD Libraries/STM32F30x_StdPeriph_Driver/src/stm32f30x_comp.o
LOAD Libraries/STM32F30x_StdPeriph_Driver/src/stm32f30x_crc.o
LOAD Libraries/STM32F30x_StdPeriph_Driver/src/stm32f30x_dac.o
LOAD Libraries/STM32F30x_StdPeriph_Driver/src/stm32f30x_dbgmcu.o
LOAD Libraries/STM32F30x_StdPeriph_Driver/src/stm32f30x_dma.o
LOAD Libraries/STM32F30x_StdPeriph_Driver/src/stm32f30x_exti.o
LOAD Libraries/STM32F30x_StdPeriph_Driver/src/stm32f30x_flash.o
LOAD Libraries/STM32F30x_StdPeriph_Driver/src/stm32f30x_gpio.o
LOAD Libraries/STM32F30x_StdPeriph_Driver/src/stm32f30x_i2c.o
LOAD Libraries/STM32F30x_StdPeriph_Driver/src/stm32f30x_iwdg.o
LOAD Libraries/STM32F30x_StdPeriph_Driver/src/stm32f30x_misc.o
LOAD Libraries/STM32F30x_StdPeriph_Driver/src/stm32f30x_opamp.o
LOAD Libraries/STM32F30x_StdPeriph_Driver/src/stm32f30x_pwr.o
LOAD Libraries/STM32F30x_StdPeriph_Driver/src/stm32f30x_rcc.o
LOAD Libraries/STM32F30x_StdPeriph_Driver/src/stm32f30x_rtc.o
LOAD Libraries/STM32F30x_StdPeriph_Driver/src/stm32f30x_spi.o
LOAD Libraries/STM32F30x_StdPeriph_Driver/src/stm32f30x_syscfg.o
LOAD Libraries/STM32F30x_StdPeriph_Driver/src/stm32f30x_tim.o
LOAD Libraries/STM32F30x_StdPeriph_Driver/src/stm32f30x_usart.o
LOAD Libraries/STM32F30x_StdPeriph_Driver/src/stm32f30x_wwdg.o
LOAD Libraries/Utilities/STM32F3_Discovery/stm32f3_discovery.o
LOAD Libraries/Utilities/STM32F3_Discovery/stm32f3_discovery_l3gd20.o
LOAD Libraries/Utilities/STM32F3_Discovery/stm32f3_discovery_lsm303dlhc.o
LOAD Startup/startup_stm32f30x.o
START GROUP
LOAD /opt/st/stm32cubeide_1.0.0/plugins/com.st.stm32cube.ide.mcu.externaltools.gnu-tools-for-stm32.7-2018-q2-update.linux64_1.0.0.201904181610/tools/bin/../lib/gcc/arm-none-eabi/7.3.1/../../../../arm-none-eabi/lib/thumb/v7e-m/fpv4-sp/hard/libc_nano.a
LOAD /opt/st/stm32cubeide_1.0.0/plugins/com.st.stm32cube.ide.mcu.externaltools.gnu-tools-for-stm32.7-2018-q2-update.linux64_1.0.0.201904181610/tools/bin/../lib/gcc/arm-none-eabi/7.3.1/../../../../arm-none-eabi/lib/thumb/v7e-m/fpv4-sp/hard/libm.a
END GROUP
START GROUP
LOAD /opt/st/stm32cubeide_1.0.0/plugins/com.st.stm32cube.ide.mcu.externaltools.gnu-tools-for-stm32.7-2018-q2-update.linux64_1.0.0.201904181610/tools/bin/../lib/gcc/arm-none-eabi/7.3.1/thumb/v7e-m/fpv4-sp/hard/libgcc.a
LOAD /opt/st/stm32cubeide_1.0.0/plugins/com.st.stm32cube.ide.mcu.externaltools.gnu-tools-for-stm32.7-2018-q2-update.linux64_1.0.0.201904181610/tools/bin/../lib/gcc/arm-none-eabi/7.3.1/../../../../arm-none-eabi/lib/thumb/v7e-m/fpv4-sp/hard/libc_nano.a
END GROUP
START GROUP
LOAD /opt/st/stm32cubeide_1.0.0/plugins/com.st.stm32cube.ide.mcu.externaltools.gnu-tools-for-stm32.7-2018-q2-update.linux64_1.0.0.201904181610/tools/bin/../lib/gcc/arm-none-eabi/7.3.1/thumb/v7e-m/fpv4-sp/hard/libgcc.a
LOAD /opt/st/stm32cubeide_1.0.0/plugins/com.st.stm32cube.ide.mcu.externaltools.gnu-tools-for-stm32.7-2018-q2-update.linux64_1.0.0.201904181610/tools/bin/../lib/gcc/arm-none-eabi/7.3.1/../../../../arm-none-eabi/lib/thumb/v7e-m/fpv4-sp/hard/libc_nano.a
LOAD /opt/st/stm32cubeide_1.0.0/plugins/com.st.stm32cube.ide.mcu.externaltools.gnu-tools-for-stm32.7-2018-q2-update.linux64_1.0.0.201904181610/tools/bin/../lib/gcc/arm-none-eabi/7.3.1/../../../../arm-none-eabi/lib/thumb/v7e-m/fpv4-sp/hard/libnosys.a
END GROUP
START GROUP
LOAD /opt/st/stm32cubeide_1.0.0/plugins/com.st.stm32cube.ide.mcu.externaltools.gnu-tools-for-stm32.7-2018-q2-update.linux64_1.0.0.201904181610/tools/bin/../lib/gcc/arm-none-eabi/7.3.1/thumb/v7e-m/fpv4-sp/hard/libgcc.a
LOAD /opt/st/stm32cubeide_1.0.0/plugins/com.st.stm32cube.ide.mcu.externaltools.gnu-tools-for-stm32.7-2018-q2-update.linux64_1.0.0.201904181610/tools/bin/../lib/gcc/arm-none-eabi/7.3.1/../../../../arm-none-eabi/lib/thumb/v7e-m/fpv4-sp/hard/libc_nano.a
LOAD /opt/st/stm32cubeide_1.0.0/plugins/com.st.stm32cube.ide.mcu.externaltools.gnu-tools-for-stm32.7-2018-q2-update.linux64_1.0.0.201904181610/tools/bin/../lib/gcc/arm-none-eabi/7.3.1/../../../../arm-none-eabi/lib/thumb/v7e-m/fpv4-sp/hard/libnosys.a
END GROUP
LOAD /opt/st/stm32cubeide_1.0.0/plugins/com.st.stm32cube.ide.mcu.externaltools.gnu-tools-for-stm32.7-2018-q2-update.linux64_1.0.0.201904181610/tools/bin/../lib/gcc/arm-none-eabi/7.3.1/thumb/v7e-m/fpv4-sp/hard/crtend.o
LOAD /opt/st/stm32cubeide_1.0.0/plugins/com.st.stm32cube.ide.mcu.externaltools.gnu-tools-for-stm32.7-2018-q2-update.linux64_1.0.0.201904181610/tools/bin/../lib/gcc/arm-none-eabi/7.3.1/thumb/v7e-m/fpv4-sp/hard/crtn.o
                0x000000002000a000                _estack = 0x2000a000
                0x0000000000000200                _Min_Heap_Size = 0x200
                0x0000000000000400                _Min_Stack_Size = 0x400

.isr_vector     0x0000000008000000      0x188
                0x0000000008000000                . = ALIGN (0x4)
 *(.isr_vector)
 .isr_vector    0x0000000008000000      0x188 Startup/startup_stm32f30x.o
                0x0000000008000000                g_pfnVectors
                0x0000000008000188                . = ALIGN (0x4)

.text           0x0000000008000188     0x45a4
                0x0000000008000188                . = ALIGN (0x4)
 *(.text)
 .text          0x0000000008000188       0x40 /opt/st/stm32cubeide_1.0.0/plugins/com.st.stm32cube.ide.mcu.externaltools.gnu-tools-for-stm32.7-2018-q2-update.linux64_1.0.0.201904181610/tools/bin/../lib/gcc/arm-none-eabi/7.3.1/thumb/v7e-m/fpv4-sp/hard/crtbegin.o
 .text          0x00000000080001c8      0x378 /opt/st/stm32cubeide_1.0.0/plugins/com.st.stm32cube.ide.mcu.externaltools.gnu-tools-for-stm32.7-2018-q2-update.linux64_1.0.0.201904181610/tools/bin/../lib/gcc/arm-none-eabi/7.3.1/thumb/v7e-m/fpv4-sp/hard/libgcc.a(_arm_addsubdf3.o)
                0x00000000080001c8                __aeabi_drsub
                0x00000000080001d0                __aeabi_dsub
                0x00000000080001d0                __subdf3
                0x00000000080001d4                __adddf3
                0x00000000080001d4                __aeabi_dadd
                0x000000000800044c                __aeabi_ui2d
                0x000000000800044c                __floatunsidf
                0x000000000800046c                __floatsidf
                0x000000000800046c                __aeabi_i2d
                0x0000000008000490                __extendsfdf2
                0x0000000008000490                __aeabi_f2d
                0x00000000080004d4                __aeabi_ul2d
                0x00000000080004d4                __floatundidf
                0x00000000080004e4                __floatdidf
                0x00000000080004e4                __aeabi_l2d
 .text          0x0000000008000540      0x424 /opt/st/stm32cubeide_1.0.0/plugins/com.st.stm32cube.ide.mcu.externaltools.gnu-tools-for-stm32.7-2018-q2-update.linux64_1.0.0.201904181610/tools/bin/../lib/gcc/arm-none-eabi/7.3.1/thumb/v7e-m/fpv4-sp/hard/libgcc.a(_arm_muldivdf3.o)
                0x0000000008000540                __aeabi_dmul
                0x0000000008000540                __muldf3
                0x0000000008000794                __aeabi_ddiv
                0x0000000008000794                __divdf3
 .text          0x0000000008000964      0x110 /opt/st/stm32cubeide_1.0.0/plugins/com.st.stm32cube.ide.mcu.externaltools.gnu-tools-for-stm32.7-2018-q2-update.linux64_1.0.0.201904181610/tools/bin/../lib/gcc/arm-none-eabi/7.3.1/thumb/v7e-m/fpv4-sp/hard/libgcc.a(_arm_cmpdf2.o)
                0x0000000008000964                __gtdf2
                0x0000000008000964                __gedf2
                0x000000000800096c                __ltdf2
                0x000000000800096c                __ledf2
                0x0000000008000974                __cmpdf2
                0x0000000008000974                __eqdf2
                0x0000000008000974                __nedf2
                0x00000000080009f0                __aeabi_cdrcmple
                0x0000000008000a00                __aeabi_cdcmple
                0x0000000008000a00                __aeabi_cdcmpeq
                0x0000000008000a10                __aeabi_dcmpeq
                0x0000000008000a24                __aeabi_dcmplt
                0x0000000008000a38                __aeabi_dcmple
                0x0000000008000a4c                __aeabi_dcmpge
                0x0000000008000a60                __aeabi_dcmpgt
 .text          0x0000000008000a74       0xa0 /opt/st/stm32cubeide_1.0.0/plugins/com.st.stm32cube.ide.mcu.externaltools.gnu-tools-for-stm32.7-2018-q2-update.linux64_1.0.0.201904181610/tools/bin/../lib/gcc/arm-none-eabi/7.3.1/thumb/v7e-m/fpv4-sp/hard/libgcc.a(_arm_truncdfsf2.o)
                0x0000000008000a74                __aeabi_d2f
                0x0000000008000a74                __truncdfsf2
 *(.text*)
 .text.Acc_config
                0x0000000008000b14       0x64 Keil/Service/Accelerometre.o
                0x0000000008000b14                Acc_config
 .text.Acc_read
                0x0000000008000b78       0xd4 Keil/Service/Accelerometre.o
                0x0000000008000b78                Acc_read
 *fill*         0x0000000008000c4c        0x4 
 .text.Trait_Gyro_Acc
                0x0000000008000c50      0x4f4 Keil/Service/Fonctions.o
                0x0000000008000c50                Trait_Gyro_Acc
 .text.TimingDelay_Decrement
                0x0000000008001144       0x24 Keil/Service/Fonctions.o
                0x0000000008001144                TimingDelay_Decrement
 .text.bytes_to_float
                0x0000000008001168       0x44 Keil/Service/Fonctions.o
                0x0000000008001168                bytes_to_float
 .text.Gyro_config
                0x00000000080011ac       0x50 Keil/Service/Gyroscope.o
                0x00000000080011ac                Gyro_config
 .text.Gyro_read
                0x00000000080011fc       0xbc Keil/Service/Gyroscope.o
                0x00000000080011fc                Gyro_read
 .text.L3GD20_TIMEOUT_UserCallback
                0x00000000080012b8       0x10 Keil/Service/Gyroscope.o
                0x00000000080012b8                L3GD20_TIMEOUT_UserCallback
 .text.Init_IT_EXT
                0x00000000080012c8       0x78 Keil/Service/Init.o
                0x00000000080012c8                Init_IT_EXT
 .text.Init_IT_DMA1
                0x0000000008001340       0x34 Keil/Service/Init.o
                0x0000000008001340                Init_IT_DMA1
 .text.Init_Bouton
                0x0000000008001374       0x24 Keil/Service/Init.o
                0x0000000008001374                Init_Bouton
 .text.Init_ADC1_DMA1
                0x0000000008001398      0x1ac Keil/Service/Init.o
                0x0000000008001398                Init_ADC1_DMA1
 .text.Init_USART
                0x0000000008001544      0x138 Keil/Service/Init.o
                0x0000000008001544                Init_USART
 .text.NVIC_SetPriority
                0x000000000800167c       0x54 Keil/main.o
 .text.SysTick_Config
                0x00000000080016d0       0x44 Keil/main.o
 .text.main     0x0000000008001714       0xec Keil/main.o
                0x0000000008001714                main
 .text.NMI_Handler
                0x0000000008001800        0xe Keil/stm32f30x_it.o
                0x0000000008001800                NMI_Handler
 .text.HardFault_Handler
                0x000000000800180e        0x6 Keil/stm32f30x_it.o
                0x000000000800180e                HardFault_Handler
 .text.MemManage_Handler
                0x0000000008001814        0x6 Keil/stm32f30x_it.o
                0x0000000008001814                MemManage_Handler
 .text.BusFault_Handler
                0x000000000800181a        0x6 Keil/stm32f30x_it.o
                0x000000000800181a                BusFault_Handler
 .text.UsageFault_Handler
                0x0000000008001820        0x6 Keil/stm32f30x_it.o
                0x0000000008001820                UsageFault_Handler
 .text.SVC_Handler
                0x0000000008001826        0xe Keil/stm32f30x_it.o
                0x0000000008001826                SVC_Handler
 .text.DebugMon_Handler
                0x0000000008001834        0xe Keil/stm32f30x_it.o
                0x0000000008001834                DebugMon_Handler
 .text.PendSV_Handler
                0x0000000008001842        0xe Keil/stm32f30x_it.o
                0x0000000008001842                PendSV_Handler
 .text.SysTick_Handler
                0x0000000008001850        0xc Keil/stm32f30x_it.o
                0x0000000008001850                SysTick_Handler
 .text.EXTI0_IRQHandler
                0x000000000800185c       0x40 Keil/stm32f30x_it.o
                0x000000000800185c                EXTI0_IRQHandler
 .text.EXTI1_IRQHandler
                0x000000000800189c       0x60 Keil/stm32f30x_it.o
                0x000000000800189c                EXTI1_IRQHandler
 .text.DMA1_Channel1_IRQHandler
                0x00000000080018fc       0x94 Keil/stm32f30x_it.o
                0x00000000080018fc                DMA1_Channel1_IRQHandler
 .text.USART2_IRQHandler
                0x0000000008001990       0xf0 Keil/stm32f30x_it.o
                0x0000000008001990                USART2_IRQHandler
 .text.SystemInit
                0x0000000008001a80       0x94 Keil/system_stm32f30x.o
                0x0000000008001a80                SystemInit
 .text.SetSysClock
                0x0000000008001b14       0xe4 Keil/system_stm32f30x.o
 .text.ADC_Init
                0x0000000008001bf8       0x84 Libraries/STM32F30x_StdPeriph_Driver/src/stm32f30x_adc.o
                0x0000000008001bf8                ADC_Init
 .text.ADC_StructInit
                0x0000000008001c7c       0x44 Libraries/STM32F30x_StdPeriph_Driver/src/stm32f30x_adc.o
                0x0000000008001c7c                ADC_StructInit
 .text.ADC_CommonInit
                0x0000000008001cc0       0x9c Libraries/STM32F30x_StdPeriph_Driver/src/stm32f30x_adc.o
                0x0000000008001cc0                ADC_CommonInit
 .text.ADC_Cmd  0x0000000008001d5c       0x38 Libraries/STM32F30x_StdPeriph_Driver/src/stm32f30x_adc.o
                0x0000000008001d5c                ADC_Cmd
 .text.ADC_StartCalibration
                0x0000000008001d94       0x20 Libraries/STM32F30x_StdPeriph_Driver/src/stm32f30x_adc.o
                0x0000000008001d94                ADC_StartCalibration
 .text.ADC_GetCalibrationValue
                0x0000000008001db4       0x1a Libraries/STM32F30x_StdPeriph_Driver/src/stm32f30x_adc.o
                0x0000000008001db4                ADC_GetCalibrationValue
 .text.ADC_SelectCalibrationMode
                0x0000000008001dce       0x2e Libraries/STM32F30x_StdPeriph_Driver/src/stm32f30x_adc.o
                0x0000000008001dce                ADC_SelectCalibrationMode
 .text.ADC_GetCalibrationStatus
                0x0000000008001dfc       0x2c Libraries/STM32F30x_StdPeriph_Driver/src/stm32f30x_adc.o
                0x0000000008001dfc                ADC_GetCalibrationStatus
 .text.ADC_VoltageRegulatorCmd
                0x0000000008001e28       0x44 Libraries/STM32F30x_StdPeriph_Driver/src/stm32f30x_adc.o
                0x0000000008001e28                ADC_VoltageRegulatorCmd
 .text.ADC_RegularChannelConfig
                0x0000000008001e6c      0x1f0 Libraries/STM32F30x_StdPeriph_Driver/src/stm32f30x_adc.o
                0x0000000008001e6c                ADC_RegularChannelConfig
 .text.ADC_StartConversion
                0x000000000800205c       0x20 Libraries/STM32F30x_StdPeriph_Driver/src/stm32f30x_adc.o
                0x000000000800205c                ADC_StartConversion
 .text.ADC_DMACmd
                0x000000000800207c       0x38 Libraries/STM32F30x_StdPeriph_Driver/src/stm32f30x_adc.o
                0x000000000800207c                ADC_DMACmd
 .text.ADC_DMAConfig
                0x00000000080020b4       0x2e Libraries/STM32F30x_StdPeriph_Driver/src/stm32f30x_adc.o
                0x00000000080020b4                ADC_DMAConfig
 .text.ADC_GetFlagStatus
                0x00000000080020e2       0x32 Libraries/STM32F30x_StdPeriph_Driver/src/stm32f30x_adc.o
                0x00000000080020e2                ADC_GetFlagStatus
 .text.DMA_DeInit
                0x0000000008002114      0x178 Libraries/STM32F30x_StdPeriph_Driver/src/stm32f30x_dma.o
                0x0000000008002114                DMA_DeInit
 .text.DMA_Init
                0x000000000800228c       0x80 Libraries/STM32F30x_StdPeriph_Driver/src/stm32f30x_dma.o
                0x000000000800228c                DMA_Init
 .text.DMA_Cmd  0x000000000800230c       0x3a Libraries/STM32F30x_StdPeriph_Driver/src/stm32f30x_dma.o
                0x000000000800230c                DMA_Cmd
 .text.DMA_SetCurrDataCounter
                0x0000000008002346       0x1e Libraries/STM32F30x_StdPeriph_Driver/src/stm32f30x_dma.o
                0x0000000008002346                DMA_SetCurrDataCounter
 .text.DMA_ITConfig
                0x0000000008002364       0x3c Libraries/STM32F30x_StdPeriph_Driver/src/stm32f30x_dma.o
                0x0000000008002364                DMA_ITConfig
 .text.DMA_GetITStatus
                0x00000000080023a0       0x54 Libraries/STM32F30x_StdPeriph_Driver/src/stm32f30x_dma.o
                0x00000000080023a0                DMA_GetITStatus
 .text.DMA_ClearITPendingBit
                0x00000000080023f4       0x34 Libraries/STM32F30x_StdPeriph_Driver/src/stm32f30x_dma.o
                0x00000000080023f4                DMA_ClearITPendingBit
 .text.EXTI_Init
                0x0000000008002428      0x20c Libraries/STM32F30x_StdPeriph_Driver/src/stm32f30x_exti.o
                0x0000000008002428                EXTI_Init
 .text.EXTI_GetITStatus
                0x0000000008002634       0x70 Libraries/STM32F30x_StdPeriph_Driver/src/stm32f30x_exti.o
                0x0000000008002634                EXTI_GetITStatus
 .text.EXTI_ClearITPendingBit
                0x00000000080026a4       0x34 Libraries/STM32F30x_StdPeriph_Driver/src/stm32f30x_exti.o
                0x00000000080026a4                EXTI_ClearITPendingBit
 .text.GPIO_Init
                0x00000000080026d8      0x12a Libraries/STM32F30x_StdPeriph_Driver/src/stm32f30x_gpio.o
                0x00000000080026d8                GPIO_Init
 .text.GPIO_ReadInputDataBit
                0x0000000008002802       0x38 Libraries/STM32F30x_StdPeriph_Driver/src/stm32f30x_gpio.o
                0x0000000008002802                GPIO_ReadInputDataBit
 .text.GPIO_SetBits
                0x000000000800283a       0x1e Libraries/STM32F30x_StdPeriph_Driver/src/stm32f30x_gpio.o
                0x000000000800283a                GPIO_SetBits
 .text.GPIO_ResetBits
                0x0000000008002858       0x1e Libraries/STM32F30x_StdPeriph_Driver/src/stm32f30x_gpio.o
                0x0000000008002858                GPIO_ResetBits
 .text.GPIO_PinAFConfig
                0x0000000008002876       0x92 Libraries/STM32F30x_StdPeriph_Driver/src/stm32f30x_gpio.o
                0x0000000008002876                GPIO_PinAFConfig
 .text.I2C_Init
                0x0000000008002908       0xcc Libraries/STM32F30x_StdPeriph_Driver/src/stm32f30x_i2c.o
                0x0000000008002908                I2C_Init
 .text.I2C_Cmd  0x00000000080029d4       0x38 Libraries/STM32F30x_StdPeriph_Driver/src/stm32f30x_i2c.o
                0x00000000080029d4                I2C_Cmd
 .text.I2C_TransferHandling
                0x0000000008002a0c       0x58 Libraries/STM32F30x_StdPeriph_Driver/src/stm32f30x_i2c.o
                0x0000000008002a0c                I2C_TransferHandling
 .text.I2C_SendData
                0x0000000008002a64       0x1e Libraries/STM32F30x_StdPeriph_Driver/src/stm32f30x_i2c.o
                0x0000000008002a64                I2C_SendData
 .text.I2C_ReceiveData
                0x0000000008002a82       0x1a Libraries/STM32F30x_StdPeriph_Driver/src/stm32f30x_i2c.o
                0x0000000008002a82                I2C_ReceiveData
 .text.I2C_GetFlagStatus
                0x0000000008002a9c       0x3e Libraries/STM32F30x_StdPeriph_Driver/src/stm32f30x_i2c.o
                0x0000000008002a9c                I2C_GetFlagStatus
 .text.I2C_ClearFlag
                0x0000000008002ada       0x1c Libraries/STM32F30x_StdPeriph_Driver/src/stm32f30x_i2c.o
                0x0000000008002ada                I2C_ClearFlag
 *fill*         0x0000000008002af6        0x2 
 .text.NVIC_Init
                0x0000000008002af8       0xc8 Libraries/STM32F30x_StdPeriph_Driver/src/stm32f30x_misc.o
                0x0000000008002af8                NVIC_Init
 .text.RCC_GetClocksFreq
                0x0000000008002bc0      0x41c Libraries/STM32F30x_StdPeriph_Driver/src/stm32f30x_rcc.o
                0x0000000008002bc0                RCC_GetClocksFreq
 .text.RCC_ADCCLKConfig
                0x0000000008002fdc       0x50 Libraries/STM32F30x_StdPeriph_Driver/src/stm32f30x_rcc.o
                0x0000000008002fdc                RCC_ADCCLKConfig
 .text.RCC_AHBPeriphClockCmd
                0x000000000800302c       0x40 Libraries/STM32F30x_StdPeriph_Driver/src/stm32f30x_rcc.o
                0x000000000800302c                RCC_AHBPeriphClockCmd
 .text.RCC_APB2PeriphClockCmd
                0x000000000800306c       0x40 Libraries/STM32F30x_StdPeriph_Driver/src/stm32f30x_rcc.o
                0x000000000800306c                RCC_APB2PeriphClockCmd
 .text.RCC_APB1PeriphClockCmd
                0x00000000080030ac       0x40 Libraries/STM32F30x_StdPeriph_Driver/src/stm32f30x_rcc.o
                0x00000000080030ac                RCC_APB1PeriphClockCmd
 .text.RCC_APB2PeriphResetCmd
                0x00000000080030ec       0x40 Libraries/STM32F30x_StdPeriph_Driver/src/stm32f30x_rcc.o
                0x00000000080030ec                RCC_APB2PeriphResetCmd
 .text.RCC_APB1PeriphResetCmd
                0x000000000800312c       0x40 Libraries/STM32F30x_StdPeriph_Driver/src/stm32f30x_rcc.o
                0x000000000800312c                RCC_APB1PeriphResetCmd
 .text.SPI_I2S_DeInit
                0x000000000800316c       0x74 Libraries/STM32F30x_StdPeriph_Driver/src/stm32f30x_spi.o
                0x000000000800316c                SPI_I2S_DeInit
 .text.SPI_Init
                0x00000000080031e0      0x116 Libraries/STM32F30x_StdPeriph_Driver/src/stm32f30x_spi.o
                0x00000000080031e0                SPI_Init
 .text.SPI_Cmd  0x00000000080032f6       0x40 Libraries/STM32F30x_StdPeriph_Driver/src/stm32f30x_spi.o
                0x00000000080032f6                SPI_Cmd
 .text.SPI_RxFIFOThresholdConfig
                0x0000000008003336       0x38 Libraries/STM32F30x_StdPeriph_Driver/src/stm32f30x_spi.o
                0x0000000008003336                SPI_RxFIFOThresholdConfig
 .text.SPI_SendData8
                0x000000000800336e       0x2c Libraries/STM32F30x_StdPeriph_Driver/src/stm32f30x_spi.o
                0x000000000800336e                SPI_SendData8
 .text.SPI_ReceiveData8
                0x000000000800339a       0x28 Libraries/STM32F30x_StdPeriph_Driver/src/stm32f30x_spi.o
                0x000000000800339a                SPI_ReceiveData8
 .text.SPI_I2S_GetFlagStatus
                0x00000000080033c2       0x38 Libraries/STM32F30x_StdPeriph_Driver/src/stm32f30x_spi.o
                0x00000000080033c2                SPI_I2S_GetFlagStatus
 *fill*         0x00000000080033fa        0x2 
 .text.SYSCFG_EXTILineConfig
                0x00000000080033fc       0x84 Libraries/STM32F30x_StdPeriph_Driver/src/stm32f30x_syscfg.o
                0x00000000080033fc                SYSCFG_EXTILineConfig
 .text.USART_Init
                0x0000000008003480      0x178 Libraries/STM32F30x_StdPeriph_Driver/src/stm32f30x_usart.o
                0x0000000008003480                USART_Init
 .text.USART_Cmd
                0x00000000080035f8       0x38 Libraries/STM32F30x_StdPeriph_Driver/src/stm32f30x_usart.o
                0x00000000080035f8                USART_Cmd
 .text.USART_ReceiveData
                0x0000000008003630       0x20 Libraries/STM32F30x_StdPeriph_Driver/src/stm32f30x_usart.o
                0x0000000008003630                USART_ReceiveData
 .text.USART_DMACmd
                0x0000000008003650       0x3c Libraries/STM32F30x_StdPeriph_Driver/src/stm32f30x_usart.o
                0x0000000008003650                USART_DMACmd
 .text.USART_ITConfig
                0x000000000800368c       0x84 Libraries/STM32F30x_StdPeriph_Driver/src/stm32f30x_usart.o
                0x000000000800368c                USART_ITConfig
 .text.USART_GetFlagStatus
                0x0000000008003710       0x32 Libraries/STM32F30x_StdPeriph_Driver/src/stm32f30x_usart.o
                0x0000000008003710                USART_GetFlagStatus
 .text.USART_GetITStatus
                0x0000000008003742       0xa0 Libraries/STM32F30x_StdPeriph_Driver/src/stm32f30x_usart.o
                0x0000000008003742                USART_GetITStatus
 *fill*         0x00000000080037e2        0x2 
 .text.STM_EVAL_LEDInit
                0x00000000080037e4       0x5c Libraries/Utilities/STM32F3_Discovery/stm32f3_discovery.o
                0x00000000080037e4                STM_EVAL_LEDInit
 .text.STM_EVAL_LEDOn
                0x0000000008003840       0x34 Libraries/Utilities/STM32F3_Discovery/stm32f3_discovery.o
                0x0000000008003840                STM_EVAL_LEDOn
 .text.STM_EVAL_LEDOff
                0x0000000008003874       0x30 Libraries/Utilities/STM32F3_Discovery/stm32f3_discovery.o
                0x0000000008003874                STM_EVAL_LEDOff
 .text.STM_EVAL_LEDToggle
                0x00000000080038a4       0x40 Libraries/Utilities/STM32F3_Discovery/stm32f3_discovery.o
                0x00000000080038a4                STM_EVAL_LEDToggle
 .text.STM_EVAL_PBInit
                0x00000000080038e4       0x98 Libraries/Utilities/STM32F3_Discovery/stm32f3_discovery.o
                0x00000000080038e4                STM_EVAL_PBInit
 .text.STM_EVAL_PBGetState
                0x000000000800397c       0x2c Libraries/Utilities/STM32F3_Discovery/stm32f3_discovery.o
                0x000000000800397c                STM_EVAL_PBGetState
 .text.L3GD20_Init
                0x00000000080039a8       0x78 Libraries/Utilities/STM32F3_Discovery/stm32f3_discovery_l3gd20.o
                0x00000000080039a8                L3GD20_Init
 .text.L3GD20_INT2InterruptCmd
                0x0000000008003a20       0x42 Libraries/Utilities/STM32F3_Discovery/stm32f3_discovery_l3gd20.o
                0x0000000008003a20                L3GD20_INT2InterruptCmd
 .text.L3GD20_FilterConfig
                0x0000000008003a62       0x4a Libraries/Utilities/STM32F3_Discovery/stm32f3_discovery_l3gd20.o
                0x0000000008003a62                L3GD20_FilterConfig
 .text.L3GD20_FilterCmd
                0x0000000008003aac       0x42 Libraries/Utilities/STM32F3_Discovery/stm32f3_discovery_l3gd20.o
                0x0000000008003aac                L3GD20_FilterCmd
 *fill*         0x0000000008003aee        0x2 
 .text.L3GD20_Write
                0x0000000008003af0       0x60 Libraries/Utilities/STM32F3_Discovery/stm32f3_discovery_l3gd20.o
                0x0000000008003af0                L3GD20_Write
 .text.L3GD20_Read
                0x0000000008003b50       0x70 Libraries/Utilities/STM32F3_Discovery/stm32f3_discovery_l3gd20.o
                0x0000000008003b50                L3GD20_Read
 .text.L3GD20_LowLevel_Init
                0x0000000008003bc0      0x154 Libraries/Utilities/STM32F3_Discovery/stm32f3_discovery_l3gd20.o
 .text.L3GD20_SendByte
                0x0000000008003d14       0x8c Libraries/Utilities/STM32F3_Discovery/stm32f3_discovery_l3gd20.o
 .text.LSM303DLHC_AccInit
                0x0000000008003da0       0x78 Libraries/Utilities/STM32F3_Discovery/stm32f3_discovery_lsm303dlhc.o
                0x0000000008003da0                LSM303DLHC_AccInit
 .text.LSM303DLHC_AccFilterConfig
                0x0000000008003e18       0x5a Libraries/Utilities/STM32F3_Discovery/stm32f3_discovery_lsm303dlhc.o
                0x0000000008003e18                LSM303DLHC_AccFilterConfig
 .text.LSM303DLHC_MagInit
                0x0000000008003e72       0x76 Libraries/Utilities/STM32F3_Discovery/stm32f3_discovery_lsm303dlhc.o
                0x0000000008003e72                LSM303DLHC_MagInit
 .text.LSM303DLHC_Write
                0x0000000008003ee8      0x15c Libraries/Utilities/STM32F3_Discovery/stm32f3_discovery_lsm303dlhc.o
                0x0000000008003ee8                LSM303DLHC_Write
 .text.LSM303DLHC_Read
                0x0000000008004044      0x188 Libraries/Utilities/STM32F3_Discovery/stm32f3_discovery_lsm303dlhc.o
                0x0000000008004044                LSM303DLHC_Read
 .text.LSM303DLHC_LowLevel_Init
                0x00000000080041cc      0x154 Libraries/Utilities/STM32F3_Discovery/stm32f3_discovery_lsm303dlhc.o
 .text.LSM303DLHC_TIMEOUT_UserCallback
                0x0000000008004320        0x6 Libraries/Utilities/STM32F3_Discovery/stm32f3_discovery_lsm303dlhc.o
                0x0000000008004320                LSM303DLHC_TIMEOUT_UserCallback
 *fill*         0x0000000008004326        0x2 
 .text.Reset_Handler
                0x0000000008004328       0x48 Startup/startup_stm32f30x.o
                0x0000000008004328                Reset_Handler
 .text.Default_Handler
                0x0000000008004370        0x2 Startup/startup_stm32f30x.o
                0x0000000008004370                RTC_Alarm_IRQHandler
                0x0000000008004370                TIM8_TRG_COM_IRQHandler
                0x0000000008004370                TIM8_CC_IRQHandler
                0x0000000008004370                TIM1_CC_IRQHandler
                0x0000000008004370                USB_HP_IRQHandler
                0x0000000008004370                PVD_IRQHandler
                0x0000000008004370                EXTI3_IRQHandler
                0x0000000008004370                I2C2_EV_IRQHandler
                0x0000000008004370                FPU_IRQHandler
                0x0000000008004370                EXTI2_TS_IRQHandler
                0x0000000008004370                TIM1_UP_TIM16_IRQHandler
                0x0000000008004370                ADC1_2_IRQHandler
                0x0000000008004370                SPI1_IRQHandler
                0x0000000008004370                TIM6_DAC_IRQHandler
                0x0000000008004370                TIM8_UP_IRQHandler
                0x0000000008004370                DMA2_Channel2_IRQHandler
                0x0000000008004370                DMA1_Channel4_IRQHandler
                0x0000000008004370                USART3_IRQHandler
                0x0000000008004370                DMA1_Channel7_IRQHandler
                0x0000000008004370                CAN1_RX1_IRQHandler
                0x0000000008004370                UART5_IRQHandler
                0x0000000008004370                ADC3_IRQHandler
                0x0000000008004370                TIM4_IRQHandler
                0x0000000008004370                DMA2_Channel1_IRQHandler
                0x0000000008004370                I2C1_EV_IRQHandler
                0x0000000008004370                DMA1_Channel6_IRQHandler
                0x0000000008004370                UART4_IRQHandler
                0x0000000008004370                DMA2_Channel4_IRQHandler
                0x0000000008004370                TIM3_IRQHandler
                0x0000000008004370                RCC_IRQHandler
                0x0000000008004370                Default_Handler
                0x0000000008004370                USBWakeUp_RMP_IRQHandler
                0x0000000008004370                EXTI15_10_IRQHandler
                0x0000000008004370                TIM7_IRQHandler
                0x0000000008004370                EXTI9_5_IRQHandler
                0x0000000008004370                TAMPER_STAMP_IRQHandler
                0x0000000008004370                RTC_WKUP_IRQHandler
                0x0000000008004370                SPI2_IRQHandler
                0x0000000008004370                DMA2_Channel5_IRQHandler
                0x0000000008004370                DMA1_Channel5_IRQHandler
                0x0000000008004370                USB_LP_IRQHandler
                0x0000000008004370                EXTI4_IRQHandler
                0x0000000008004370                USB_LP_CAN1_RX0_IRQHandler
                0x0000000008004370                TIM1_TRG_COM_TIM17_IRQHandler
                0x0000000008004370                USB_HP_CAN1_TX_IRQHandler
                0x0000000008004370                DMA1_Channel3_IRQHandler
                0x0000000008004370                ADC4_IRQHandler
                0x0000000008004370                WWDG_IRQHandler
                0x0000000008004370                TIM2_IRQHandler
                0x0000000008004370                COMP7_IRQHandler
                0x0000000008004370                COMP1_2_3_IRQHandler
                0x0000000008004370                COMP4_5_6_IRQHandler
                0x0000000008004370                I2C2_ER_IRQHandler
                0x0000000008004370                DMA1_Channel2_IRQHandler
                0x0000000008004370                TIM8_BRK_IRQHandler
                0x0000000008004370                CAN1_SCE_IRQHandler
                0x0000000008004370                FLASH_IRQHandler
                0x0000000008004370                USART1_IRQHandler
                0x0000000008004370                SPI3_IRQHandler
                0x0000000008004370                I2C1_ER_IRQHandler
                0x0000000008004370                USBWakeUp_IRQHandler
                0x0000000008004370                DMA2_Channel3_IRQHandler
                0x0000000008004370                TIM1_BRK_TIM15_IRQHandler
 *fill*         0x0000000008004372        0x2 
 .text.__libc_init_array
                0x0000000008004374       0x48 /opt/st/stm32cubeide_1.0.0/plugins/com.st.stm32cube.ide.mcu.externaltools.gnu-tools-for-stm32.7-2018-q2-update.linux64_1.0.0.201904181610/tools/bin/../lib/gcc/arm-none-eabi/7.3.1/../../../../arm-none-eabi/lib/thumb/v7e-m/fpv4-sp/hard/libc_nano.a(lib_a-init.o)
                0x0000000008004374                __libc_init_array
 *fill*         0x00000000080043bc        0x4 
 .text.atan     0x00000000080043c0      0x340 /opt/st/stm32cubeide_1.0.0/plugins/com.st.stm32cube.ide.mcu.externaltools.gnu-tools-for-stm32.7-2018-q2-update.linux64_1.0.0.201904181610/tools/bin/../lib/gcc/arm-none-eabi/7.3.1/../../../../arm-none-eabi/lib/thumb/v7e-m/fpv4-sp/hard/libm.a(lib_a-s_atan.o)
                0x00000000080043c0                atan
 .text.fabs     0x0000000008004700       0x12 /opt/st/stm32cubeide_1.0.0/plugins/com.st.stm32cube.ide.mcu.externaltools.gnu-tools-for-stm32.7-2018-q2-update.linux64_1.0.0.201904181610/tools/bin/../lib/gcc/arm-none-eabi/7.3.1/../../../../arm-none-eabi/lib/thumb/v7e-m/fpv4-sp/hard/libm.a(lib_a-s_fabs.o)
                0x0000000008004700                fabs
 *(.glue_7)
 .glue_7        0x0000000008004712        0x0 linker stubs
 *(.glue_7t)
 .glue_7t       0x0000000008004712        0x0 linker stubs
 *(.eh_frame)
 *fill*         0x0000000008004712        0x2 
 .eh_frame      0x0000000008004714        0x0 /opt/st/stm32cubeide_1.0.0/plugins/com.st.stm32cube.ide.mcu.externaltools.gnu-tools-for-stm32.7-2018-q2-update.linux64_1.0.0.201904181610/tools/bin/../lib/gcc/arm-none-eabi/7.3.1/thumb/v7e-m/fpv4-sp/hard/crtbegin.o
 *(.init)
 .init          0x0000000008004714        0x4 /opt/st/stm32cubeide_1.0.0/plugins/com.st.stm32cube.ide.mcu.externaltools.gnu-tools-for-stm32.7-2018-q2-update.linux64_1.0.0.201904181610/tools/bin/../lib/gcc/arm-none-eabi/7.3.1/thumb/v7e-m/fpv4-sp/hard/crti.o
                0x0000000008004714                _init
 .init          0x0000000008004718        0x8 /opt/st/stm32cubeide_1.0.0/plugins/com.st.stm32cube.ide.mcu.externaltools.gnu-tools-for-stm32.7-2018-q2-update.linux64_1.0.0.201904181610/tools/bin/../lib/gcc/arm-none-eabi/7.3.1/thumb/v7e-m/fpv4-sp/hard/crtn.o
 *(.fini)
 .fini          0x0000000008004720        0x4 /opt/st/stm32cubeide_1.0.0/plugins/com.st.stm32cube.ide.mcu.externaltools.gnu-tools-for-stm32.7-2018-q2-update.linux64_1.0.0.201904181610/tools/bin/../lib/gcc/arm-none-eabi/7.3.1/thumb/v7e-m/fpv4-sp/hard/crti.o
                0x0000000008004720                _fini
 .fini          0x0000000008004724        0x8 /opt/st/stm32cubeide_1.0.0/plugins/com.st.stm32cube.ide.mcu.externaltools.gnu-tools-for-stm32.7-2018-q2-update.linux64_1.0.0.201904181610/tools/bin/../lib/gcc/arm-none-eabi/7.3.1/thumb/v7e-m/fpv4-sp/hard/crtn.o
                0x000000000800472c                . = ALIGN (0x4)
                0x000000000800472c                _etext = .

.vfp11_veneer   0x000000000800472c        0x0
 .vfp11_veneer  0x000000000800472c        0x0 linker stubs

.v4_bx          0x000000000800472c        0x0
 .v4_bx         0x000000000800472c        0x0 linker stubs

.iplt           0x000000000800472c        0x0
 .iplt          0x000000000800472c        0x0 /opt/st/stm32cubeide_1.0.0/plugins/com.st.stm32cube.ide.mcu.externaltools.gnu-tools-for-stm32.7-2018-q2-update.linux64_1.0.0.201904181610/tools/bin/../lib/gcc/arm-none-eabi/7.3.1/thumb/v7e-m/fpv4-sp/hard/crtbegin.o

.rodata         0x0000000008004730       0x70
                0x0000000008004730                . = ALIGN (0x4)
 *(.rodata)
 *(.rodata*)
 .rodata.GPIO_PIN
                0x0000000008004730       0x10 Libraries/Utilities/STM32F3_Discovery/stm32f3_discovery.o
                0x0000000008004730                GPIO_PIN
 .rodata.GPIO_CLK
                0x0000000008004740       0x20 Libraries/Utilities/STM32F3_Discovery/stm32f3_discovery.o
                0x0000000008004740                GPIO_CLK
 .rodata.atanhi
                0x0000000008004760       0x20 /opt/st/stm32cubeide_1.0.0/plugins/com.st.stm32cube.ide.mcu.externaltools.gnu-tools-for-stm32.7-2018-q2-update.linux64_1.0.0.201904181610/tools/bin/../lib/gcc/arm-none-eabi/7.3.1/../../../../arm-none-eabi/lib/thumb/v7e-m/fpv4-sp/hard/libm.a(lib_a-s_atan.o)
 .rodata.atanlo
                0x0000000008004780       0x20 /opt/st/stm32cubeide_1.0.0/plugins/com.st.stm32cube.ide.mcu.externaltools.gnu-tools-for-stm32.7-2018-q2-update.linux64_1.0.0.201904181610/tools/bin/../lib/gcc/arm-none-eabi/7.3.1/../../../../arm-none-eabi/lib/thumb/v7e-m/fpv4-sp/hard/libm.a(lib_a-s_atan.o)
                0x00000000080047a0                . = ALIGN (0x4)

.rel.dyn        0x00000000080047a0        0x0
 .rel.iplt      0x00000000080047a0        0x0 /opt/st/stm32cubeide_1.0.0/plugins/com.st.stm32cube.ide.mcu.externaltools.gnu-tools-for-stm32.7-2018-q2-update.linux64_1.0.0.201904181610/tools/bin/../lib/gcc/arm-none-eabi/7.3.1/thumb/v7e-m/fpv4-sp/hard/crtbegin.o

.ARM.extab      0x00000000080047a0        0x0
                0x00000000080047a0                . = ALIGN (0x4)
 *(.ARM.extab* .gnu.linkonce.armextab.*)
                0x00000000080047a0                . = ALIGN (0x4)

.ARM            0x00000000080047a0        0x0
                0x00000000080047a0                . = ALIGN (0x4)
                0x00000000080047a0                __exidx_start = .
 *(.ARM.exidx*)
                0x00000000080047a0                __exidx_end = .
                0x00000000080047a0                . = ALIGN (0x4)

.preinit_array  0x00000000080047a0        0x0
                0x00000000080047a0                . = ALIGN (0x4)
                0x00000000080047a0                PROVIDE (__preinit_array_start = .)
 *(.preinit_array*)
                0x00000000080047a0                PROVIDE (__preinit_array_end = .)
                0x00000000080047a0                . = ALIGN (0x4)

.init_array     0x00000000080047a0        0x4
                0x00000000080047a0                . = ALIGN (0x4)
                0x00000000080047a0                PROVIDE (__init_array_start = .)
 *(SORT_BY_NAME(.init_array.*))
 *(.init_array*)
 .init_array    0x00000000080047a0        0x4 /opt/st/stm32cubeide_1.0.0/plugins/com.st.stm32cube.ide.mcu.externaltools.gnu-tools-for-stm32.7-2018-q2-update.linux64_1.0.0.201904181610/tools/bin/../lib/gcc/arm-none-eabi/7.3.1/thumb/v7e-m/fpv4-sp/hard/crtbegin.o
                0x00000000080047a4                PROVIDE (__init_array_end = .)
                0x00000000080047a4                . = ALIGN (0x4)

.fini_array     0x00000000080047a4        0x4
                0x00000000080047a4                . = ALIGN (0x4)
                [!provide]                        PROVIDE (__fini_array_start = .)
 *(SORT_BY_NAME(.fini_array.*))
 *(.fini_array*)
 .fini_array    0x00000000080047a4        0x4 /opt/st/stm32cubeide_1.0.0/plugins/com.st.stm32cube.ide.mcu.externaltools.gnu-tools-for-stm32.7-2018-q2-update.linux64_1.0.0.201904181610/tools/bin/../lib/gcc/arm-none-eabi/7.3.1/thumb/v7e-m/fpv4-sp/hard/crtbegin.o
                [!provide]                        PROVIDE (__fini_array_end = .)
                0x00000000080047a8                . = ALIGN (0x4)
                0x00000000080047a8                _sidata = LOADADDR (.data)

.data           0x0000000020000000       0xa8 load address 0x00000000080047a8
                0x0000000020000000                . = ALIGN (0x4)
                0x0000000020000000                _sdata = .
 *(.data)
 *(.data*)
 .data.usage_acc
                0x0000000020000000        0x4 Keil/Service/Fonctions.o
                0x0000000020000000                usage_acc
 .data.presence_snd
                0x0000000020000004        0x4 Keil/Service/Fonctions.o
                0x0000000020000004                presence_snd
 .data.A        0x0000000020000008       0x10 Keil/Service/Fonctions.o
                0x0000000020000008                A
 .data.B        0x0000000020000018       0x10 Keil/Service/Fonctions.o
                0x0000000020000018                B
 .data.TX_USART
                0x0000000020000028       0x25 Keil/Service/Init.o
                0x0000000020000028                TX_USART
 *fill*         0x000000002000004d        0x3 
 .data.APBAHBPrescTable
                0x0000000020000050       0x10 Libraries/STM32F30x_StdPeriph_Driver/src/stm32f30x_rcc.o
 .data.ADCPrescTable
                0x0000000020000060       0x1a Libraries/STM32F30x_StdPeriph_Driver/src/stm32f30x_rcc.o
 *fill*         0x000000002000007a        0x2 
 .data.GPIO_PORT
                0x000000002000007c       0x20 Libraries/Utilities/STM32F3_Discovery/stm32f3_discovery.o
                0x000000002000007c                GPIO_PORT
 .data.BUTTON_PORT
                0x000000002000009c        0x4 Libraries/Utilities/STM32F3_Discovery/stm32f3_discovery.o
                0x000000002000009c                BUTTON_PORT
 .data.L3GD20Timeout
                0x00000000200000a0        0x4 Libraries/Utilities/STM32F3_Discovery/stm32f3_discovery_l3gd20.o
                0x00000000200000a0                L3GD20Timeout
 .data.LSM303DLHC_Timeout
                0x00000000200000a4        0x4 Libraries/Utilities/STM32F3_Discovery/stm32f3_discovery_lsm303dlhc.o
                0x00000000200000a4                LSM303DLHC_Timeout
                0x00000000200000a8                . = ALIGN (0x4)
                0x00000000200000a8                _edata = .

.igot.plt       0x00000000200000a8        0x0 load address 0x0000000008004850
 .igot.plt      0x00000000200000a8        0x0 /opt/st/stm32cubeide_1.0.0/plugins/com.st.stm32cube.ide.mcu.externaltools.gnu-tools-for-stm32.7-2018-q2-update.linux64_1.0.0.201904181610/tools/bin/../lib/gcc/arm-none-eabi/7.3.1/thumb/v7e-m/fpv4-sp/hard/crtbegin.o
                0x00000000200000a8                . = ALIGN (0x4)

.bss            0x00000000200000a8      0x150 load address 0x0000000008004850
                0x00000000200000a8                _sbss = .
                0x00000000200000a8                __bss_start__ = _sbss
 *(.bss)
 .bss           0x00000000200000a8       0x1c /opt/st/stm32cubeide_1.0.0/plugins/com.st.stm32cube.ide.mcu.externaltools.gnu-tools-for-stm32.7-2018-q2-update.linux64_1.0.0.201904181610/tools/bin/../lib/gcc/arm-none-eabi/7.3.1/thumb/v7e-m/fpv4-sp/hard/crtbegin.o
 *(.bss*)
 .bss.MOY_ADC12_IN8
                0x00000000200000c4        0x2 Keil/Service/Fonctions.o
                0x00000000200000c4                MOY_ADC12_IN8
 .bss.MOY_ADC12_IN9
                0x00000000200000c6        0x2 Keil/Service/Fonctions.o
                0x00000000200000c6                MOY_ADC12_IN9
 .bss.ZeroACCX  0x00000000200000c8        0x4 Keil/Service/Fonctions.o
                0x00000000200000c8                ZeroACCX
 .bss.Zerogyro  0x00000000200000cc        0x4 Keil/Service/Fonctions.o
                0x00000000200000cc                Zerogyro
 .bss.Angleacc  0x00000000200000d0        0x4 Keil/Service/Fonctions.o
                0x00000000200000d0                Angleacc
 .bss.Anglegyro
                0x00000000200000d4        0x4 Keil/Service/Fonctions.o
                0x00000000200000d4                Anglegyro
 .bss.Anglemesure
                0x00000000200000d8        0x4 Keil/Service/Fonctions.o
                0x00000000200000d8                Anglemesure
 .bss.VitesseAngle
                0x00000000200000dc        0x4 Keil/Service/Fonctions.o
                0x00000000200000dc                VitesseAngle
 .bss.AccBuffer
                0x00000000200000e0        0xc Keil/Service/Fonctions.o
                0x00000000200000e0                AccBuffer
 .bss.Buffer    0x00000000200000ec        0xc Keil/Service/Fonctions.o
                0x00000000200000ec                Buffer
 .bss.TimingDelay
                0x00000000200000f8        0x4 Keil/Service/Fonctions.o
                0x00000000200000f8                TimingDelay
 .bss.Consigne  0x00000000200000fc        0x4 Keil/Service/Fonctions.o
                0x00000000200000fc                Consigne
 .bss.cmpt_arr  0x0000000020000100        0x4 Keil/Service/Fonctions.o
                0x0000000020000100                cmpt_arr
 .bss.arret     0x0000000020000104        0x4 Keil/Service/Fonctions.o
                0x0000000020000104                arret
 .bss.x_k       0x0000000020000108        0x8 Keil/Service/Fonctions.o
                0x0000000020000108                x_k
 .bss.u_k       0x0000000020000110        0x8 Keil/Service/Fonctions.o
                0x0000000020000110                u_k
 .bss.calibration_value
                0x0000000020000118        0x2 Keil/Service/Init.o
                0x0000000020000118                calibration_value
 *fill*         0x000000002000011a        0x2 
 .bss.RX_USART  0x000000002000011c        0x7 Keil/Service/Init.o
                0x000000002000011c                RX_USART
 *fill*         0x0000000020000123        0x1 
 .bss.i.9387    0x0000000020000124        0x2 Keil/stm32f30x_it.o
 *fill*         0x0000000020000126        0x2 
 .bss.rx_index.9391
                0x0000000020000128        0x4 Keil/stm32f30x_it.o
 *(COMMON)
 COMMON         0x000000002000012c       0xc0 Keil/Service/Init.o
                0x000000002000012c                ADC_InitStructure
                0x000000002000014c                GPIO_InitStructure
                0x0000000020000154                USART_InitStructure
                0x000000002000016c                RCC_Clocks
                0x00000000200001a8                DMA_InitStructure
                0x00000000200001d4                ADC_CommonInitStructure
                0x00000000200001e8                Acq_ADC1
 COMMON         0x00000000200001ec        0xc Keil/stm32f30x_it.o
                0x00000000200001ec                watchdog
                0x00000000200001f0                VAR_ADC12_IN8
                0x00000000200001f4                VAR_ADC12_IN9
                0x00000000200001f8                . = ALIGN (0x4)
                0x00000000200001f8                _ebss = .
                0x00000000200001f8                __bss_end__ = _ebss

._user_heap_stack
                0x00000000200001f8      0x600 load address 0x0000000008004850
                0x00000000200001f8                . = ALIGN (0x8)
                [!provide]                        PROVIDE (end = .)
                [!provide]                        PROVIDE (_end = .)
                0x00000000200003f8                . = (. + _Min_Heap_Size)
 *fill*         0x00000000200001f8      0x200 
                0x00000000200007f8                . = (. + _Min_Stack_Size)
 *fill*         0x00000000200003f8      0x400 
                0x00000000200007f8                . = ALIGN (0x8)

/DISCARD/
 libc.a(*)
 libm.a(*)
 libgcc.a(*)

.ARM.attributes
                0x0000000000000000       0x30
 *(.ARM.attributes)
 .ARM.attributes
                0x0000000000000000       0x22 /opt/st/stm32cubeide_1.0.0/plugins/com.st.stm32cube.ide.mcu.externaltools.gnu-tools-for-stm32.7-2018-q2-update.linux64_1.0.0.201904181610/tools/bin/../lib/gcc/arm-none-eabi/7.3.1/thumb/v7e-m/fpv4-sp/hard/crti.o
 .ARM.attributes
                0x0000000000000022       0x34 /opt/st/stm32cubeide_1.0.0/plugins/com.st.stm32cube.ide.mcu.externaltools.gnu-tools-for-stm32.7-2018-q2-update.linux64_1.0.0.201904181610/tools/bin/../lib/gcc/arm-none-eabi/7.3.1/thumb/v7e-m/fpv4-sp/hard/crtbegin.o
 .ARM.attributes
                0x0000000000000056       0x39 Keil/Service/Accelerometre.o
 .ARM.attributes
                0x000000000000008f       0x39 Keil/Service/Fonctions.o
 .ARM.attributes
                0x00000000000000c8       0x39 Keil/Service/Gyroscope.o
 .ARM.attributes
                0x0000000000000101       0x39 Keil/Service/Init.o
 .ARM.attributes
                0x000000000000013a       0x39 Keil/main.o
 .ARM.attributes
                0x0000000000000173       0x39 Keil/stm32f30x_it.o
 .ARM.attributes
                0x00000000000001ac       0x39 Keil/system_stm32f30x.o
 .ARM.attributes
                0x00000000000001e5       0x39 Libraries/STM32F30x_StdPeriph_Driver/src/stm32f30x_adc.o
 .ARM.attributes
                0x000000000000021e       0x39 Libraries/STM32F30x_StdPeriph_Driver/src/stm32f30x_dma.o
 .ARM.attributes
                0x0000000000000257       0x39 Libraries/STM32F30x_StdPeriph_Driver/src/stm32f30x_exti.o
 .ARM.attributes
                0x0000000000000290       0x39 Libraries/STM32F30x_StdPeriph_Driver/src/stm32f30x_gpio.o
 .ARM.attributes
                0x00000000000002c9       0x39 Libraries/STM32F30x_StdPeriph_Driver/src/stm32f30x_i2c.o
 .ARM.attributes
                0x0000000000000302       0x39 Libraries/STM32F30x_StdPeriph_Driver/src/stm32f30x_misc.o
 .ARM.attributes
                0x000000000000033b       0x39 Libraries/STM32F30x_StdPeriph_Driver/src/stm32f30x_rcc.o
 .ARM.attributes
                0x0000000000000374       0x39 Libraries/STM32F30x_StdPeriph_Driver/src/stm32f30x_spi.o
 .ARM.attributes
                0x00000000000003ad       0x39 Libraries/STM32F30x_StdPeriph_Driver/src/stm32f30x_syscfg.o
 .ARM.attributes
                0x00000000000003e6       0x39 Libraries/STM32F30x_StdPeriph_Driver/src/stm32f30x_usart.o
 .ARM.attributes
                0x000000000000041f       0x39 Libraries/Utilities/STM32F3_Discovery/stm32f3_discovery.o
 .ARM.attributes
                0x0000000000000458       0x39 Libraries/Utilities/STM32F3_Discovery/stm32f3_discovery_l3gd20.o
 .ARM.attributes
                0x0000000000000491       0x39 Libraries/Utilities/STM32F3_Discovery/stm32f3_discovery_lsm303dlhc.o
 .ARM.attributes
                0x00000000000004ca       0x21 Startup/startup_stm32f30x.o
 .ARM.attributes
                0x00000000000004eb       0x34 /opt/st/stm32cubeide_1.0.0/plugins/com.st.stm32cube.ide.mcu.externaltools.gnu-tools-for-stm32.7-2018-q2-update.linux64_1.0.0.201904181610/tools/bin/../lib/gcc/arm-none-eabi/7.3.1/../../../../arm-none-eabi/lib/thumb/v7e-m/fpv4-sp/hard/libc_nano.a(lib_a-init.o)
 .ARM.attributes
                0x000000000000051f       0x34 /opt/st/stm32cubeide_1.0.0/plugins/com.st.stm32cube.ide.mcu.externaltools.gnu-tools-for-stm32.7-2018-q2-update.linux64_1.0.0.201904181610/tools/bin/../lib/gcc/arm-none-eabi/7.3.1/../../../../arm-none-eabi/lib/thumb/v7e-m/fpv4-sp/hard/libm.a(lib_a-s_atan.o)
 .ARM.attributes
                0x0000000000000553       0x34 /opt/st/stm32cubeide_1.0.0/plugins/com.st.stm32cube.ide.mcu.externaltools.gnu-tools-for-stm32.7-2018-q2-update.linux64_1.0.0.201904181610/tools/bin/../lib/gcc/arm-none-eabi/7.3.1/../../../../arm-none-eabi/lib/thumb/v7e-m/fpv4-sp/hard/libm.a(lib_a-s_fabs.o)
 .ARM.attributes
                0x0000000000000587       0x22 /opt/st/stm32cubeide_1.0.0/plugins/com.st.stm32cube.ide.mcu.externaltools.gnu-tools-for-stm32.7-2018-q2-update.linux64_1.0.0.201904181610/tools/bin/../lib/gcc/arm-none-eabi/7.3.1/thumb/v7e-m/fpv4-sp/hard/libgcc.a(_arm_addsubdf3.o)
 .ARM.attributes
                0x00000000000005a9       0x22 /opt/st/stm32cubeide_1.0.0/plugins/com.st.stm32cube.ide.mcu.externaltools.gnu-tools-for-stm32.7-2018-q2-update.linux64_1.0.0.201904181610/tools/bin/../lib/gcc/arm-none-eabi/7.3.1/thumb/v7e-m/fpv4-sp/hard/libgcc.a(_arm_muldivdf3.o)
 .ARM.attributes
                0x00000000000005cb       0x22 /opt/st/stm32cubeide_1.0.0/plugins/com.st.stm32cube.ide.mcu.externaltools.gnu-tools-for-stm32.7-2018-q2-update.linux64_1.0.0.201904181610/tools/bin/../lib/gcc/arm-none-eabi/7.3.1/thumb/v7e-m/fpv4-sp/hard/libgcc.a(_arm_cmpdf2.o)
 .ARM.attributes
                0x00000000000005ed       0x22 /opt/st/stm32cubeide_1.0.0/plugins/com.st.stm32cube.ide.mcu.externaltools.gnu-tools-for-stm32.7-2018-q2-update.linux64_1.0.0.201904181610/tools/bin/../lib/gcc/arm-none-eabi/7.3.1/thumb/v7e-m/fpv4-sp/hard/libgcc.a(_arm_truncdfsf2.o)
 .ARM.attributes
                0x000000000000060f       0x22 /opt/st/stm32cubeide_1.0.0/plugins/com.st.stm32cube.ide.mcu.externaltools.gnu-tools-for-stm32.7-2018-q2-update.linux64_1.0.0.201904181610/tools/bin/../lib/gcc/arm-none-eabi/7.3.1/thumb/v7e-m/fpv4-sp/hard/crtn.o
OUTPUT(Simulator.elf elf32-littlearm)

.debug_info     0x0000000000000000     0xc566
 .debug_info    0x0000000000000000      0x2e0 Keil/Service/Accelerometre.o
 .debug_info    0x00000000000002e0     0x1248 Keil/Service/Fonctions.o
 .debug_info    0x0000000000001528      0x258 Keil/Service/Gyroscope.o
 .debug_info    0x0000000000001780      0xd33 Keil/Service/Init.o
 .debug_info    0x00000000000024b3     0x1417 Keil/main.o
 .debug_info    0x00000000000038ca     0x10df Keil/stm32f30x_it.o
 .debug_info    0x00000000000049a9      0x4c4 Keil/system_stm32f30x.o
 .debug_info    0x0000000000004e6d     0x13cf Libraries/STM32F30x_StdPeriph_Driver/src/stm32f30x_adc.o
 .debug_info    0x000000000000623c      0x485 Libraries/STM32F30x_StdPeriph_Driver/src/stm32f30x_dma.o
 .debug_info    0x00000000000066c1      0x3d4 Libraries/STM32F30x_StdPeriph_Driver/src/stm32f30x_exti.o
 .debug_info    0x0000000000006a95      0x620 Libraries/STM32F30x_StdPeriph_Driver/src/stm32f30x_gpio.o
 .debug_info    0x00000000000070b5      0xbf0 Libraries/STM32F30x_StdPeriph_Driver/src/stm32f30x_i2c.o
 .debug_info    0x0000000000007ca5      0x54b Libraries/STM32F30x_StdPeriph_Driver/src/stm32f30x_misc.o
 .debug_info    0x00000000000081f0      0xadb Libraries/STM32F30x_StdPeriph_Driver/src/stm32f30x_rcc.o
 .debug_info    0x0000000000008ccb      0xb84 Libraries/STM32F30x_StdPeriph_Driver/src/stm32f30x_spi.o
 .debug_info    0x000000000000984f      0x3dc Libraries/STM32F30x_StdPeriph_Driver/src/stm32f30x_syscfg.o
 .debug_info    0x0000000000009c2b      0xece Libraries/STM32F30x_StdPeriph_Driver/src/stm32f30x_usart.o
 .debug_info    0x000000000000aaf9      0x88b Libraries/Utilities/STM32F3_Discovery/stm32f3_discovery.o
 .debug_info    0x000000000000b384      0x7f1 Libraries/Utilities/STM32F3_Discovery/stm32f3_discovery_l3gd20.o
 .debug_info    0x000000000000bb75      0x9cf Libraries/Utilities/STM32F3_Discovery/stm32f3_discovery_lsm303dlhc.o
 .debug_info    0x000000000000c544       0x22 Startup/startup_stm32f30x.o

.debug_abbrev   0x0000000000000000     0x21e0
 .debug_abbrev  0x0000000000000000      0x113 Keil/Service/Accelerometre.o
 .debug_abbrev  0x0000000000000113      0x279 Keil/Service/Fonctions.o
 .debug_abbrev  0x000000000000038c      0x113 Keil/Service/Gyroscope.o
 .debug_abbrev  0x000000000000049f      0x17f Keil/Service/Init.o
 .debug_abbrev  0x000000000000061e      0x257 Keil/main.o
 .debug_abbrev  0x0000000000000875      0x239 Keil/stm32f30x_it.o
 .debug_abbrev  0x0000000000000aae      0x16c Keil/system_stm32f30x.o
 .debug_abbrev  0x0000000000000c1a      0x1a8 Libraries/STM32F30x_StdPeriph_Driver/src/stm32f30x_adc.o
 .debug_abbrev  0x0000000000000dc2      0x187 Libraries/STM32F30x_StdPeriph_Driver/src/stm32f30x_dma.o
 .debug_abbrev  0x0000000000000f49      0x198 Libraries/STM32F30x_StdPeriph_Driver/src/stm32f30x_exti.o
 .debug_abbrev  0x00000000000010e1      0x1b0 Libraries/STM32F30x_StdPeriph_Driver/src/stm32f30x_gpio.o
 .debug_abbrev  0x0000000000001291      0x196 Libraries/STM32F30x_StdPeriph_Driver/src/stm32f30x_i2c.o
 .debug_abbrev  0x0000000000001427      0x177 Libraries/STM32F30x_StdPeriph_Driver/src/stm32f30x_misc.o
 .debug_abbrev  0x000000000000159e      0x1fd Libraries/STM32F30x_StdPeriph_Driver/src/stm32f30x_rcc.o
 .debug_abbrev  0x000000000000179b      0x1a1 Libraries/STM32F30x_StdPeriph_Driver/src/stm32f30x_spi.o
 .debug_abbrev  0x000000000000193c      0x19b Libraries/STM32F30x_StdPeriph_Driver/src/stm32f30x_syscfg.o
 .debug_abbrev  0x0000000000001ad7      0x187 Libraries/STM32F30x_StdPeriph_Driver/src/stm32f30x_usart.o
 .debug_abbrev  0x0000000000001c5e      0x1c6 Libraries/Utilities/STM32F3_Discovery/stm32f3_discovery.o
 .debug_abbrev  0x0000000000001e24      0x1d5 Libraries/Utilities/STM32F3_Discovery/stm32f3_discovery_l3gd20.o
 .debug_abbrev  0x0000000000001ff9      0x1d5 Libraries/Utilities/STM32F3_Discovery/stm32f3_discovery_lsm303dlhc.o
 .debug_abbrev  0x00000000000021ce       0x12 Startup/startup_stm32f30x.o

.debug_aranges  0x0000000000000000      0xce8
 .debug_aranges
                0x0000000000000000       0x30 Keil/Service/Accelerometre.o
 .debug_aranges
                0x0000000000000030       0x40 Keil/Service/Fonctions.o
 .debug_aranges
                0x0000000000000070       0x30 Keil/Service/Gyroscope.o
 .debug_aranges
                0x00000000000000a0       0x40 Keil/Service/Init.o
 .debug_aranges
                0x00000000000000e0       0x30 Keil/main.o
 .debug_aranges
                0x0000000000000110       0x80 Keil/stm32f30x_it.o
 .debug_aranges
                0x0000000000000190       0x30 Keil/system_stm32f30x.o
 .debug_aranges
                0x00000000000001c0      0x220 Libraries/STM32F30x_StdPeriph_Driver/src/stm32f30x_adc.o
 .debug_aranges
                0x00000000000003e0       0x70 Libraries/STM32F30x_StdPeriph_Driver/src/stm32f30x_dma.o
 .debug_aranges
                0x0000000000000450       0x58 Libraries/STM32F30x_StdPeriph_Driver/src/stm32f30x_exti.o
 .debug_aranges
                0x00000000000004a8       0x80 Libraries/STM32F30x_StdPeriph_Driver/src/stm32f30x_gpio.o
 .debug_aranges
                0x0000000000000528      0x168 Libraries/STM32F30x_StdPeriph_Driver/src/stm32f30x_i2c.o
 .debug_aranges
                0x0000000000000690       0x40 Libraries/STM32F30x_StdPeriph_Driver/src/stm32f30x_misc.o
 .debug_aranges
                0x00000000000006d0      0x150 Libraries/STM32F30x_StdPeriph_Driver/src/stm32f30x_rcc.o
 .debug_aranges
                0x0000000000000820      0x118 Libraries/STM32F30x_StdPeriph_Driver/src/stm32f30x_spi.o
 .debug_aranges
                0x0000000000000938       0x88 Libraries/STM32F30x_StdPeriph_Driver/src/stm32f30x_syscfg.o
 .debug_aranges
                0x00000000000009c0      0x1a0 Libraries/STM32F30x_StdPeriph_Driver/src/stm32f30x_usart.o
 .debug_aranges
                0x0000000000000b60       0x48 Libraries/Utilities/STM32F3_Discovery/stm32f3_discovery.o
 .debug_aranges
                0x0000000000000ba8       0x78 Libraries/Utilities/STM32F3_Discovery/stm32f3_discovery_l3gd20.o
 .debug_aranges
                0x0000000000000c20       0xa0 Libraries/Utilities/STM32F3_Discovery/stm32f3_discovery_lsm303dlhc.o
 .debug_aranges
                0x0000000000000cc0       0x28 Startup/startup_stm32f30x.o

.debug_ranges   0x0000000000000000      0xba0
 .debug_ranges  0x0000000000000000       0x20 Keil/Service/Accelerometre.o
 .debug_ranges  0x0000000000000020       0x30 Keil/Service/Fonctions.o
 .debug_ranges  0x0000000000000050       0x20 Keil/Service/Gyroscope.o
 .debug_ranges  0x0000000000000070       0x30 Keil/Service/Init.o
 .debug_ranges  0x00000000000000a0       0x20 Keil/main.o
 .debug_ranges  0x00000000000000c0       0x70 Keil/stm32f30x_it.o
 .debug_ranges  0x0000000000000130       0x20 Keil/system_stm32f30x.o
 .debug_ranges  0x0000000000000150      0x210 Libraries/STM32F30x_StdPeriph_Driver/src/stm32f30x_adc.o
 .debug_ranges  0x0000000000000360       0x60 Libraries/STM32F30x_StdPeriph_Driver/src/stm32f30x_dma.o
 .debug_ranges  0x00000000000003c0       0x48 Libraries/STM32F30x_StdPeriph_Driver/src/stm32f30x_exti.o
 .debug_ranges  0x0000000000000408       0x70 Libraries/STM32F30x_StdPeriph_Driver/src/stm32f30x_gpio.o
 .debug_ranges  0x0000000000000478      0x158 Libraries/STM32F30x_StdPeriph_Driver/src/stm32f30x_i2c.o
 .debug_ranges  0x00000000000005d0       0x30 Libraries/STM32F30x_StdPeriph_Driver/src/stm32f30x_misc.o
 .debug_ranges  0x0000000000000600      0x140 Libraries/STM32F30x_StdPeriph_Driver/src/stm32f30x_rcc.o
 .debug_ranges  0x0000000000000740      0x108 Libraries/STM32F30x_StdPeriph_Driver/src/stm32f30x_spi.o
 .debug_ranges  0x0000000000000848       0x78 Libraries/STM32F30x_StdPeriph_Driver/src/stm32f30x_syscfg.o
 .debug_ranges  0x00000000000008c0      0x190 Libraries/STM32F30x_StdPeriph_Driver/src/stm32f30x_usart.o
 .debug_ranges  0x0000000000000a50       0x38 Libraries/Utilities/STM32F3_Discovery/stm32f3_discovery.o
 .debug_ranges  0x0000000000000a88       0x68 Libraries/Utilities/STM32F3_Discovery/stm32f3_discovery_l3gd20.o
 .debug_ranges  0x0000000000000af0       0x90 Libraries/Utilities/STM32F3_Discovery/stm32f3_discovery_lsm303dlhc.o
 .debug_ranges  0x0000000000000b80       0x20 Startup/startup_stm32f30x.o

.debug_macro    0x0000000000000000    0x128bd
 .debug_macro   0x0000000000000000      0x1af Keil/Service/Accelerometre.o
 .debug_macro   0x00000000000001af      0xa72 Keil/Service/Accelerometre.o
 .debug_macro   0x0000000000000c21       0x7a Keil/Service/Accelerometre.o
 .debug_macro   0x0000000000000c9b       0x3b Keil/Service/Accelerometre.o
 .debug_macro   0x0000000000000cd6       0x22 Keil/Service/Accelerometre.o
 .debug_macro   0x0000000000000cf8       0x8e Keil/Service/Accelerometre.o
 .debug_macro   0x0000000000000d86       0x51 Keil/Service/Accelerometre.o
 .debug_macro   0x0000000000000dd7       0xef Keil/Service/Accelerometre.o
 .debug_macro   0x0000000000000ec6       0x6a Keil/Service/Accelerometre.o
 .debug_macro   0x0000000000000f30      0x1df Keil/Service/Accelerometre.o
 .debug_macro   0x000000000000110f       0x18 Keil/Service/Accelerometre.o
 .debug_macro   0x0000000000001127       0x42 Keil/Service/Accelerometre.o
 .debug_macro   0x0000000000001169      0xc91 Keil/Service/Accelerometre.o
 .debug_macro   0x0000000000001dfa     0x769b Keil/Service/Accelerometre.o
 .debug_macro   0x0000000000009495      0x521 Keil/Service/Accelerometre.o
 .debug_macro   0x00000000000099b6      0x3cf Keil/Service/Accelerometre.o
 .debug_macro   0x0000000000009d85       0x46 Keil/Service/Accelerometre.o
 .debug_macro   0x0000000000009dcb      0x231 Keil/Service/Accelerometre.o
 .debug_macro   0x0000000000009ffc      0x196 Keil/Service/Accelerometre.o
 .debug_macro   0x000000000000a192       0x8e Keil/Service/Accelerometre.o
 .debug_macro   0x000000000000a220      0x3a8 Keil/Service/Accelerometre.o
 .debug_macro   0x000000000000a5c8      0x114 Keil/Service/Accelerometre.o
 .debug_macro   0x000000000000a6dc      0x1e4 Keil/Service/Accelerometre.o
 .debug_macro   0x000000000000a8c0      0x1a1 Keil/Service/Accelerometre.o
 .debug_macro   0x000000000000aa61      0x1df Keil/Service/Accelerometre.o
 .debug_macro   0x000000000000ac40      0x29a Keil/Service/Accelerometre.o
 .debug_macro   0x000000000000aeda       0x70 Keil/Service/Accelerometre.o
 .debug_macro   0x000000000000af4a      0x10c Keil/Service/Accelerometre.o
 .debug_macro   0x000000000000b056       0xb8 Keil/Service/Accelerometre.o
 .debug_macro   0x000000000000b10e      0x5c6 Keil/Service/Accelerometre.o
 .debug_macro   0x000000000000b6d4      0x551 Keil/Service/Accelerometre.o
 .debug_macro   0x000000000000bc25      0x3ab Keil/Service/Accelerometre.o
 .debug_macro   0x000000000000bfd0      0x8d8 Keil/Service/Accelerometre.o
 .debug_macro   0x000000000000c8a8      0x364 Keil/Service/Accelerometre.o
 .debug_macro   0x000000000000cc0c       0x34 Keil/Service/Accelerometre.o
 .debug_macro   0x000000000000cc40       0x89 Keil/Service/Accelerometre.o
 .debug_macro   0x000000000000ccc9       0x35 Keil/Service/Accelerometre.o
 .debug_macro   0x000000000000ccfe      0x552 Keil/Service/Accelerometre.o
 .debug_macro   0x000000000000d250       0x22 Keil/Service/Accelerometre.o
 .debug_macro   0x000000000000d272      0x285 Keil/Service/Fonctions.o
 .debug_macro   0x000000000000d4f7       0xd8 Keil/Service/Fonctions.o
 .debug_macro   0x000000000000d5cf      0x317 Keil/Service/Fonctions.o
 .debug_macro   0x000000000000d8e6       0x22 Keil/Service/Fonctions.o
 .debug_macro   0x000000000000d908      0x558 Keil/Service/Fonctions.o
 .debug_macro   0x000000000000de60       0x10 Keil/Service/Fonctions.o
 .debug_macro   0x000000000000de70       0x46 Keil/Service/Fonctions.o
 .debug_macro   0x000000000000deb6       0x18 Keil/Service/Fonctions.o
 .debug_macro   0x000000000000dece       0x3c Keil/Service/Fonctions.o
 .debug_macro   0x000000000000df0a       0x34 Keil/Service/Fonctions.o
 .debug_macro   0x000000000000df3e      0x174 Keil/Service/Fonctions.o
 .debug_macro   0x000000000000e0b2       0x52 Keil/Service/Fonctions.o
 .debug_macro   0x000000000000e104       0x1f Keil/Service/Fonctions.o
 .debug_macro   0x000000000000e123       0x43 Keil/Service/Fonctions.o
 .debug_macro   0x000000000000e166       0x20 Keil/Service/Fonctions.o
 .debug_macro   0x000000000000e186      0x1a3 Keil/Service/Fonctions.o
 .debug_macro   0x000000000000e329      0x330 Keil/Service/Fonctions.o
 .debug_macro   0x000000000000e659      0x1e1 Keil/Service/Fonctions.o
 .debug_macro   0x000000000000e83a       0x40 Keil/Service/Fonctions.o
 .debug_macro   0x000000000000e87a      0x1af Keil/Service/Gyroscope.o
 .debug_macro   0x000000000000ea29      0x311 Keil/Service/Gyroscope.o
 .debug_macro   0x000000000000ed3a      0x1a1 Keil/Service/Init.o
 .debug_macro   0x000000000000eedb      0x28f Keil/main.o
 .debug_macro   0x000000000000f16a      0x29f Keil/stm32f30x_it.o
 .debug_macro   0x000000000000f409      0x19d Keil/system_stm32f30x.o
 .debug_macro   0x000000000000f5a6      0x1b3 Libraries/STM32F30x_StdPeriph_Driver/src/stm32f30x_adc.o
 .debug_macro   0x000000000000f759      0x3c9 Libraries/STM32F30x_StdPeriph_Driver/src/stm32f30x_adc.o
 .debug_macro   0x000000000000fb22      0x1ef Libraries/STM32F30x_StdPeriph_Driver/src/stm32f30x_dma.o
 .debug_macro   0x000000000000fd11      0x3a2 Libraries/STM32F30x_StdPeriph_Driver/src/stm32f30x_dma.o
 .debug_macro   0x00000000000100b3      0x1a1 Libraries/STM32F30x_StdPeriph_Driver/src/stm32f30x_exti.o
 .debug_macro   0x0000000000010254      0x10e Libraries/STM32F30x_StdPeriph_Driver/src/stm32f30x_exti.o
 .debug_macro   0x0000000000010362      0x19b Libraries/STM32F30x_StdPeriph_Driver/src/stm32f30x_gpio.o
 .debug_macro   0x00000000000104fd      0x19b Libraries/STM32F30x_StdPeriph_Driver/src/stm32f30x_gpio.o
 .debug_macro   0x0000000000010698      0x1b9 Libraries/STM32F30x_StdPeriph_Driver/src/stm32f30x_i2c.o
 .debug_macro   0x0000000000010851      0x294 Libraries/STM32F30x_StdPeriph_Driver/src/stm32f30x_i2c.o
 .debug_macro   0x0000000000010ae5      0x1a1 Libraries/STM32F30x_StdPeriph_Driver/src/stm32f30x_misc.o
 .debug_macro   0x0000000000010c86       0x83 Libraries/STM32F30x_StdPeriph_Driver/src/stm32f30x_misc.o
 .debug_macro   0x0000000000010d09      0x238 Libraries/STM32F30x_StdPeriph_Driver/src/stm32f30x_rcc.o
 .debug_macro   0x0000000000010f41      0x5c0 Libraries/STM32F30x_StdPeriph_Driver/src/stm32f30x_rcc.o
 .debug_macro   0x0000000000011501      0x1b0 Libraries/STM32F30x_StdPeriph_Driver/src/stm32f30x_spi.o
 .debug_macro   0x00000000000116b1      0x3a5 Libraries/STM32F30x_StdPeriph_Driver/src/stm32f30x_spi.o
 .debug_macro   0x0000000000011a56      0x1cb Libraries/STM32F30x_StdPeriph_Driver/src/stm32f30x_syscfg.o
 .debug_macro   0x0000000000011c21      0x1d9 Libraries/STM32F30x_StdPeriph_Driver/src/stm32f30x_syscfg.o
 .debug_macro   0x0000000000011dfa      0x1b3 Libraries/STM32F30x_StdPeriph_Driver/src/stm32f30x_usart.o
 .debug_macro   0x0000000000011fad      0x35e Libraries/STM32F30x_StdPeriph_Driver/src/stm32f30x_usart.o
 .debug_macro   0x000000000001230b      0x1a0 Libraries/Utilities/STM32F3_Discovery/stm32f3_discovery.o
 .debug_macro   0x00000000000124ab       0xd2 Libraries/Utilities/STM32F3_Discovery/stm32f3_discovery.o
 .debug_macro   0x000000000001257d      0x1a0 Libraries/Utilities/STM32F3_Discovery/stm32f3_discovery_l3gd20.o
 .debug_macro   0x000000000001271d      0x1a0 Libraries/Utilities/STM32F3_Discovery/stm32f3_discovery_lsm303dlhc.o

.debug_line     0x0000000000000000     0xb8c0
 .debug_line    0x0000000000000000      0x800 Keil/Service/Accelerometre.o
 .debug_line    0x0000000000000800      0xa1e Keil/Service/Fonctions.o
 .debug_line    0x000000000000121e      0x7de Keil/Service/Gyroscope.o
 .debug_line    0x00000000000019fc      0x7cb Keil/Service/Init.o
 .debug_line    0x00000000000021c7      0x9cb Keil/main.o
 .debug_line    0x0000000000002b92      0xab4 Keil/stm32f30x_it.o
 .debug_line    0x0000000000003646      0x77e Keil/system_stm32f30x.o
 .debug_line    0x0000000000003dc4      0xd40 Libraries/STM32F30x_StdPeriph_Driver/src/stm32f30x_adc.o
 .debug_line    0x0000000000004b04      0x86c Libraries/STM32F30x_StdPeriph_Driver/src/stm32f30x_dma.o
 .debug_line    0x0000000000005370      0x7e9 Libraries/STM32F30x_StdPeriph_Driver/src/stm32f30x_exti.o
 .debug_line    0x0000000000005b59      0x86e Libraries/STM32F30x_StdPeriph_Driver/src/stm32f30x_gpio.o
 .debug_line    0x00000000000063c7      0xab4 Libraries/STM32F30x_StdPeriph_Driver/src/stm32f30x_i2c.o
 .debug_line    0x0000000000006e7b      0x78c Libraries/STM32F30x_StdPeriph_Driver/src/stm32f30x_misc.o
 .debug_line    0x0000000000007607      0xad5 Libraries/STM32F30x_StdPeriph_Driver/src/stm32f30x_rcc.o
 .debug_line    0x00000000000080dc      0xa26 Libraries/STM32F30x_StdPeriph_Driver/src/stm32f30x_spi.o
 .debug_line    0x0000000000008b02      0x838 Libraries/STM32F30x_StdPeriph_Driver/src/stm32f30x_syscfg.o
 .debug_line    0x000000000000933a      0xb5c Libraries/STM32F30x_StdPeriph_Driver/src/stm32f30x_usart.o
 .debug_line    0x0000000000009e96      0x7b4 Libraries/Utilities/STM32F3_Discovery/stm32f3_discovery.o
 .debug_line    0x000000000000a64a      0x894 Libraries/Utilities/STM32F3_Discovery/stm32f3_discovery_l3gd20.o
 .debug_line    0x000000000000aede      0x967 Libraries/Utilities/STM32F3_Discovery/stm32f3_discovery_lsm303dlhc.o
 .debug_line    0x000000000000b845       0x7b Startup/startup_stm32f30x.o

.debug_str      0x0000000000000000    0x5f1f3
 .debug_str     0x0000000000000000    0x55a00 Keil/Service/Accelerometre.o
                                      0x55b97 (size before relaxing)
 .debug_str     0x0000000000055a00     0x5566 Keil/Service/Fonctions.o
                                      0x5b01c (size before relaxing)
 .debug_str     0x000000000005af66       0xcc Keil/Service/Gyroscope.o
                                      0x54da8 (size before relaxing)
 .debug_str     0x000000000005b032      0x683 Keil/Service/Init.o
                                      0x548b6 (size before relaxing)
 .debug_str     0x000000000005b6b5      0x11c Keil/main.o
                                      0x5b450 (size before relaxing)
 .debug_str     0x000000000005b7d1      0x148 Keil/stm32f30x_it.o
                                      0x5b06c (size before relaxing)
 .debug_str     0x000000000005b919      0x121 Keil/system_stm32f30x.o
                                      0x53db0 (size before relaxing)
 .debug_str     0x000000000005ba3a      0x8ac Libraries/STM32F30x_StdPeriph_Driver/src/stm32f30x_adc.o
                                      0x546f8 (size before relaxing)
 .debug_str     0x000000000005c2e6      0x613 Libraries/STM32F30x_StdPeriph_Driver/src/stm32f30x_dma.o
                                      0x54344 (size before relaxing)
 .debug_str     0x000000000005c8f9      0x145 Libraries/STM32F30x_StdPeriph_Driver/src/stm32f30x_exti.o
                                      0x53e56 (size before relaxing)
 .debug_str     0x000000000005ca3e      0x186 Libraries/STM32F30x_StdPeriph_Driver/src/stm32f30x_gpio.o
                                      0x53f4c (size before relaxing)
 .debug_str     0x000000000005cbc4      0x535 Libraries/STM32F30x_StdPeriph_Driver/src/stm32f30x_i2c.o
                                      0x541bd (size before relaxing)
 .debug_str     0x000000000005d0f9      0x139 Libraries/STM32F30x_StdPeriph_Driver/src/stm32f30x_misc.o
                                      0x53eac (size before relaxing)
 .debug_str     0x000000000005d232      0x8c7 Libraries/STM32F30x_StdPeriph_Driver/src/stm32f30x_rcc.o
                                      0x54707 (size before relaxing)
 .debug_str     0x000000000005daf9      0x4df Libraries/STM32F30x_StdPeriph_Driver/src/stm32f30x_spi.o
                                      0x542e4 (size before relaxing)
 .debug_str     0x000000000005dfd8      0x3e4 Libraries/STM32F30x_StdPeriph_Driver/src/stm32f30x_syscfg.o
                                      0x5402c (size before relaxing)
 .debug_str     0x000000000005e3bc      0x784 Libraries/STM32F30x_StdPeriph_Driver/src/stm32f30x_usart.o
                                      0x545db (size before relaxing)
 .debug_str     0x000000000005eb40      0x16b Libraries/Utilities/STM32F3_Discovery/stm32f3_discovery.o
                                      0x548b5 (size before relaxing)
 .debug_str     0x000000000005ecab      0x252 Libraries/Utilities/STM32F3_Discovery/stm32f3_discovery_l3gd20.o
                                      0x55116 (size before relaxing)
 .debug_str     0x000000000005eefd      0x2c9 Libraries/Utilities/STM32F3_Discovery/stm32f3_discovery_lsm303dlhc.o
                                      0x56048 (size before relaxing)
 .debug_str     0x000000000005f1c6       0x2d Startup/startup_stm32f30x.o
                                         0x7f (size before relaxing)

.comment        0x0000000000000000       0x7b
 .comment       0x0000000000000000       0x7b Keil/Service/Accelerometre.o
                                         0x7c (size before relaxing)
 .comment       0x000000000000007b       0x7c Keil/Service/Fonctions.o
 .comment       0x000000000000007b       0x7c Keil/Service/Gyroscope.o
 .comment       0x000000000000007b       0x7c Keil/Service/Init.o
 .comment       0x000000000000007b       0x7c Keil/main.o
 .comment       0x000000000000007b       0x7c Keil/stm32f30x_it.o
 .comment       0x000000000000007b       0x7c Keil/system_stm32f30x.o
 .comment       0x000000000000007b       0x7c Libraries/STM32F30x_StdPeriph_Driver/src/stm32f30x_adc.o
 .comment       0x000000000000007b       0x7c Libraries/STM32F30x_StdPeriph_Driver/src/stm32f30x_dma.o
 .comment       0x000000000000007b       0x7c Libraries/STM32F30x_StdPeriph_Driver/src/stm32f30x_exti.o
 .comment       0x000000000000007b       0x7c Libraries/STM32F30x_StdPeriph_Driver/src/stm32f30x_gpio.o
 .comment       0x000000000000007b       0x7c Libraries/STM32F30x_StdPeriph_Driver/src/stm32f30x_i2c.o
 .comment       0x000000000000007b       0x7c Libraries/STM32F30x_StdPeriph_Driver/src/stm32f30x_misc.o
 .comment       0x000000000000007b       0x7c Libraries/STM32F30x_StdPeriph_Driver/src/stm32f30x_rcc.o
 .comment       0x000000000000007b       0x7c Libraries/STM32F30x_StdPeriph_Driver/src/stm32f30x_spi.o
 .comment       0x000000000000007b       0x7c Libraries/STM32F30x_StdPeriph_Driver/src/stm32f30x_syscfg.o
 .comment       0x000000000000007b       0x7c Libraries/STM32F30x_StdPeriph_Driver/src/stm32f30x_usart.o
 .comment       0x000000000000007b       0x7c Libraries/Utilities/STM32F3_Discovery/stm32f3_discovery.o
 .comment       0x000000000000007b       0x7c Libraries/Utilities/STM32F3_Discovery/stm32f3_discovery_l3gd20.o
 .comment       0x000000000000007b       0x7c Libraries/Utilities/STM32F3_Discovery/stm32f3_discovery_lsm303dlhc.o

.debug_frame    0x0000000000000000     0x383c
 .debug_frame   0x0000000000000000       0x78 Keil/Service/Accelerometre.o
 .debug_frame   0x0000000000000078       0xd4 Keil/Service/Fonctions.o
 .debug_frame   0x000000000000014c       0x78 Keil/Service/Gyroscope.o
 .debug_frame   0x00000000000001c4       0xb4 Keil/Service/Init.o
 .debug_frame   0x0000000000000278       0x78 Keil/main.o
 .debug_frame   0x00000000000002f0      0x184 Keil/stm32f30x_it.o
 .debug_frame   0x0000000000000474       0x7c Keil/system_stm32f30x.o
 .debug_frame   0x00000000000004f0      0xa34 Libraries/STM32F30x_StdPeriph_Driver/src/stm32f30x_adc.o
 .debug_frame   0x0000000000000f24      0x1c8 Libraries/STM32F30x_StdPeriph_Driver/src/stm32f30x_dma.o
 .debug_frame   0x00000000000010ec      0x148 Libraries/STM32F30x_StdPeriph_Driver/src/stm32f30x_exti.o
 .debug_frame   0x0000000000001234      0x214 Libraries/STM32F30x_StdPeriph_Driver/src/stm32f30x_gpio.o
 .debug_frame   0x0000000000001448      0x69c Libraries/STM32F30x_StdPeriph_Driver/src/stm32f30x_i2c.o
 .debug_frame   0x0000000000001ae4       0xd8 Libraries/STM32F30x_StdPeriph_Driver/src/stm32f30x_misc.o
 .debug_frame   0x0000000000001bbc      0x60c Libraries/STM32F30x_StdPeriph_Driver/src/stm32f30x_rcc.o
 .debug_frame   0x00000000000021c8      0x508 Libraries/STM32F30x_StdPeriph_Driver/src/stm32f30x_spi.o
 .debug_frame   0x00000000000026d0      0x230 Libraries/STM32F30x_StdPeriph_Driver/src/stm32f30x_syscfg.o
 .debug_frame   0x0000000000002900      0x7b0 Libraries/STM32F30x_StdPeriph_Driver/src/stm32f30x_usart.o
 .debug_frame   0x00000000000030b0       0xf4 Libraries/Utilities/STM32F3_Discovery/stm32f3_discovery.o
 .debug_frame   0x00000000000031a4      0x1c0 Libraries/Utilities/STM32F3_Discovery/stm32f3_discovery_l3gd20.o
 .debug_frame   0x0000000000003364      0x270 Libraries/Utilities/STM32F3_Discovery/stm32f3_discovery_lsm303dlhc.o
 .debug_frame   0x00000000000035d4       0x2c /opt/st/stm32cubeide_1.0.0/plugins/com.st.stm32cube.ide.mcu.externaltools.gnu-tools-for-stm32.7-2018-q2-update.linux64_1.0.0.201904181610/tools/bin/../lib/gcc/arm-none-eabi/7.3.1/../../../../arm-none-eabi/lib/thumb/v7e-m/fpv4-sp/hard/libc_nano.a(lib_a-init.o)
 .debug_frame   0x0000000000003600       0x38 /opt/st/stm32cubeide_1.0.0/plugins/com.st.stm32cube.ide.mcu.externaltools.gnu-tools-for-stm32.7-2018-q2-update.linux64_1.0.0.201904181610/tools/bin/../lib/gcc/arm-none-eabi/7.3.1/../../../../arm-none-eabi/lib/thumb/v7e-m/fpv4-sp/hard/libm.a(lib_a-s_atan.o)
 .debug_frame   0x0000000000003638       0x20 /opt/st/stm32cubeide_1.0.0/plugins/com.st.stm32cube.ide.mcu.externaltools.gnu-tools-for-stm32.7-2018-q2-update.linux64_1.0.0.201904181610/tools/bin/../lib/gcc/arm-none-eabi/7.3.1/../../../../arm-none-eabi/lib/thumb/v7e-m/fpv4-sp/hard/libm.a(lib_a-s_fabs.o)
 .debug_frame   0x0000000000003658       0xac /opt/st/stm32cubeide_1.0.0/plugins/com.st.stm32cube.ide.mcu.externaltools.gnu-tools-for-stm32.7-2018-q2-update.linux64_1.0.0.201904181610/tools/bin/../lib/gcc/arm-none-eabi/7.3.1/thumb/v7e-m/fpv4-sp/hard/libgcc.a(_arm_addsubdf3.o)
 .debug_frame   0x0000000000003704       0x50 /opt/st/stm32cubeide_1.0.0/plugins/com.st.stm32cube.ide.mcu.externaltools.gnu-tools-for-stm32.7-2018-q2-update.linux64_1.0.0.201904181610/tools/bin/../lib/gcc/arm-none-eabi/7.3.1/thumb/v7e-m/fpv4-sp/hard/libgcc.a(_arm_muldivdf3.o)
 .debug_frame   0x0000000000003754       0xc4 /opt/st/stm32cubeide_1.0.0/plugins/com.st.stm32cube.ide.mcu.externaltools.gnu-tools-for-stm32.7-2018-q2-update.linux64_1.0.0.201904181610/tools/bin/../lib/gcc/arm-none-eabi/7.3.1/thumb/v7e-m/fpv4-sp/hard/libgcc.a(_arm_cmpdf2.o)
 .debug_frame   0x0000000000003818       0x24 /opt/st/stm32cubeide_1.0.0/plugins/com.st.stm32cube.ide.mcu.externaltools.gnu-tools-for-stm32.7-2018-q2-update.linux64_1.0.0.201904181610/tools/bin/../lib/gcc/arm-none-eabi/7.3.1/thumb/v7e-m/fpv4-sp/hard/libgcc.a(_arm_truncdfsf2.o)
