stm32f30x_it.c:49:6:NMI_Handler	4	static
stm32f30x_it.c:58:6:HardFault_Handler	4	static
stm32f30x_it.c:71:6:MemManage_Handler	4	static
stm32f30x_it.c:84:6:BusFault_Handler	4	static
stm32f30x_it.c:97:6:UsageFault_Handler	4	static
stm32f30x_it.c:110:6:SVC_Handler	4	static
stm32f30x_it.c:119:6:DebugMon_Handler	4	static
stm32f30x_it.c:128:6:PendSV_Handler	4	static
stm32f30x_it.c:137:6:SysTick_Handler	8	static
stm32f30x_it.c:155:6:EXTI1_IRQHandler	8	static
stm32f30x_it.c:185:6:DMA1_Channel1_IRQHandler	8	static
stm32f30x_it.c:231:6:USART2_IRQHandler	16	static
